Archive member included to satisfy reference by file (symbol)

C:/ST/STM32CubeIDE_1.18.0/STM32CubeIDE/plugins/com.st.stm32cube.ide.mcu.externaltools.gnu-tools-for-stm32.13.3.rel1.win32_1.0.0.202411081344/tools/bin/../lib/gcc/arm-none-eabi/13.3.1/../../../../arm-none-eabi/lib/thumb/v7e-m+fp/hard\libc_nano.a(libc_a-exit.o)
                              C:/ST/STM32CubeIDE_1.18.0/STM32CubeIDE/plugins/com.st.stm32cube.ide.mcu.externaltools.gnu-tools-for-stm32.13.3.rel1.win32_1.0.0.202411081344/tools/bin/../lib/gcc/arm-none-eabi/13.3.1/../../../../arm-none-eabi/lib/thumb/v7e-m+fp/hard/crt0.o (exit)
C:/ST/STM32CubeIDE_1.18.0/STM32CubeIDE/plugins/com.st.stm32cube.ide.mcu.externaltools.gnu-tools-for-stm32.13.3.rel1.win32_1.0.0.202411081344/tools/bin/../lib/gcc/arm-none-eabi/13.3.1/../../../../arm-none-eabi/lib/thumb/v7e-m+fp/hard\libc_nano.a(libc_a-rand.o)
                              ./BlueNRG_MS/App/app_bluenrg_ms.o (srand)
C:/ST/STM32CubeIDE_1.18.0/STM32CubeIDE/plugins/com.st.stm32cube.ide.mcu.externaltools.gnu-tools-for-stm32.13.3.rel1.win32_1.0.0.202411081344/tools/bin/../lib/gcc/arm-none-eabi/13.3.1/../../../../arm-none-eabi/lib/thumb/v7e-m+fp/hard\libc_nano.a(libc_a-findfp.o)
                              C:/ST/STM32CubeIDE_1.18.0/STM32CubeIDE/plugins/com.st.stm32cube.ide.mcu.externaltools.gnu-tools-for-stm32.13.3.rel1.win32_1.0.0.202411081344/tools/bin/../lib/gcc/arm-none-eabi/13.3.1/../../../../arm-none-eabi/lib/thumb/v7e-m+fp/hard\libc_nano.a(libc_a-exit.o) (__stdio_exit_handler)
C:/ST/STM32CubeIDE_1.18.0/STM32CubeIDE/plugins/com.st.stm32cube.ide.mcu.externaltools.gnu-tools-for-stm32.13.3.rel1.win32_1.0.0.202411081344/tools/bin/../lib/gcc/arm-none-eabi/13.3.1/../../../../arm-none-eabi/lib/thumb/v7e-m+fp/hard\libc_nano.a(libc_a-fwalk.o)
                              C:/ST/STM32CubeIDE_1.18.0/STM32CubeIDE/plugins/com.st.stm32cube.ide.mcu.externaltools.gnu-tools-for-stm32.13.3.rel1.win32_1.0.0.202411081344/tools/bin/../lib/gcc/arm-none-eabi/13.3.1/../../../../arm-none-eabi/lib/thumb/v7e-m+fp/hard\libc_nano.a(libc_a-findfp.o) (_fwalk_sglue)
C:/ST/STM32CubeIDE_1.18.0/STM32CubeIDE/plugins/com.st.stm32cube.ide.mcu.externaltools.gnu-tools-for-stm32.13.3.rel1.win32_1.0.0.202411081344/tools/bin/../lib/gcc/arm-none-eabi/13.3.1/../../../../arm-none-eabi/lib/thumb/v7e-m+fp/hard\libc_nano.a(libc_a-stdio.o)
                              C:/ST/STM32CubeIDE_1.18.0/STM32CubeIDE/plugins/com.st.stm32cube.ide.mcu.externaltools.gnu-tools-for-stm32.13.3.rel1.win32_1.0.0.202411081344/tools/bin/../lib/gcc/arm-none-eabi/13.3.1/../../../../arm-none-eabi/lib/thumb/v7e-m+fp/hard\libc_nano.a(libc_a-findfp.o) (__sread)
C:/ST/STM32CubeIDE_1.18.0/STM32CubeIDE/plugins/com.st.stm32cube.ide.mcu.externaltools.gnu-tools-for-stm32.13.3.rel1.win32_1.0.0.202411081344/tools/bin/../lib/gcc/arm-none-eabi/13.3.1/../../../../arm-none-eabi/lib/thumb/v7e-m+fp/hard\libc_nano.a(libc_a-memset.o)
                              C:/ST/STM32CubeIDE_1.18.0/STM32CubeIDE/plugins/com.st.stm32cube.ide.mcu.externaltools.gnu-tools-for-stm32.13.3.rel1.win32_1.0.0.202411081344/tools/bin/../lib/gcc/arm-none-eabi/13.3.1/../../../../arm-none-eabi/lib/thumb/v7e-m+fp/hard/crt0.o (memset)
C:/ST/STM32CubeIDE_1.18.0/STM32CubeIDE/plugins/com.st.stm32cube.ide.mcu.externaltools.gnu-tools-for-stm32.13.3.rel1.win32_1.0.0.202411081344/tools/bin/../lib/gcc/arm-none-eabi/13.3.1/../../../../arm-none-eabi/lib/thumb/v7e-m+fp/hard\libc_nano.a(libc_a-closer.o)
                              C:/ST/STM32CubeIDE_1.18.0/STM32CubeIDE/plugins/com.st.stm32cube.ide.mcu.externaltools.gnu-tools-for-stm32.13.3.rel1.win32_1.0.0.202411081344/tools/bin/../lib/gcc/arm-none-eabi/13.3.1/../../../../arm-none-eabi/lib/thumb/v7e-m+fp/hard\libc_nano.a(libc_a-stdio.o) (_close_r)
C:/ST/STM32CubeIDE_1.18.0/STM32CubeIDE/plugins/com.st.stm32cube.ide.mcu.externaltools.gnu-tools-for-stm32.13.3.rel1.win32_1.0.0.202411081344/tools/bin/../lib/gcc/arm-none-eabi/13.3.1/../../../../arm-none-eabi/lib/thumb/v7e-m+fp/hard\libc_nano.a(libc_a-reent.o)
                              C:/ST/STM32CubeIDE_1.18.0/STM32CubeIDE/plugins/com.st.stm32cube.ide.mcu.externaltools.gnu-tools-for-stm32.13.3.rel1.win32_1.0.0.202411081344/tools/bin/../lib/gcc/arm-none-eabi/13.3.1/../../../../arm-none-eabi/lib/thumb/v7e-m+fp/hard\libc_nano.a(libc_a-closer.o) (errno)
C:/ST/STM32CubeIDE_1.18.0/STM32CubeIDE/plugins/com.st.stm32cube.ide.mcu.externaltools.gnu-tools-for-stm32.13.3.rel1.win32_1.0.0.202411081344/tools/bin/../lib/gcc/arm-none-eabi/13.3.1/../../../../arm-none-eabi/lib/thumb/v7e-m+fp/hard\libc_nano.a(libc_a-impure.o)
                              C:/ST/STM32CubeIDE_1.18.0/STM32CubeIDE/plugins/com.st.stm32cube.ide.mcu.externaltools.gnu-tools-for-stm32.13.3.rel1.win32_1.0.0.202411081344/tools/bin/../lib/gcc/arm-none-eabi/13.3.1/../../../../arm-none-eabi/lib/thumb/v7e-m+fp/hard\libc_nano.a(libc_a-rand.o) (_impure_ptr)
[...]
Memory Configuration

Name             Origin             Length             Attributes
RAM              0x20000000         0x00018000         xrw
RAM2             0x10000000         0x00008000         xrw
FLASH            0x08000000         0x00100000         xr
*default*        0x00000000         0xffffffff

Linker script and memory map

LOAD C:/ST/STM32CubeIDE_1.18.0/STM32CubeIDE/plugins/com.st.stm32cube.ide.mcu.externaltools.gnu-tools-for-stm32.13.3.rel1.win32_1.0.0.202411081344/tools/bin/../lib/gcc/arm-none-eabi/13.3.1/thumb/v7e-m+fp/hard/crti.o
LOAD C:/ST/STM32CubeIDE_1.18.0/STM32CubeIDE/plugins/com.st.stm32cube.ide.mcu.externaltools.gnu-tools-for-stm32.13.3.rel1.win32_1.0.0.202411081344/tools/bin/../lib/gcc/arm-none-eabi/13.3.1/thumb/v7e-m+fp/hard/crtbegin.o
LOAD C:/ST/STM32CubeIDE_1.18.0/STM32CubeIDE/plugins/com.st.stm32cube.ide.mcu.externaltools.gnu-tools-for-stm32.13.3.rel1.win32_1.0.0.202411081344/tools/bin/../lib/gcc/arm-none-eabi/13.3.1/../../../../arm-none-eabi/lib/thumb/v7e-m+fp/hard/crt0.o
LOAD ./BlueNRG_MS/App/app_bluenrg_ms.o
LOAD ./BlueNRG_MS/App/gatt_db.o
LOAD ./BlueNRG_MS/App/sensor.o
LOAD ./BlueNRG_MS/Target/hci_tl_interface.o
LOAD ./Core/Src/main.o
LOAD ./Core/Src/stm32l4xx_hal_msp.o
LOAD ./Core/Src/stm32l4xx_it.o
LOAD ./Core/Src/stm32l4xx_nucleo_bus.o
LOAD ./Core/Src/syscalls.o
LOAD ./Core/Src/sysmem.o
LOAD ./Core/Src/system_stm32l4xx.o
LOAD ./Core/Startup/startup_stm32l476rgtx.o
LOAD ./Drivers/BSP/STM32L4xx_Nucleo/stm32l4xx_nucleo.o
LOAD ./Drivers/STM32L4xx_HAL_Driver/Src/stm32l4xx_hal.o
LOAD ./Drivers/STM32L4xx_HAL_Driver/Src/stm32l4xx_hal_cortex.o
LOAD ./Drivers/STM32L4xx_HAL_Driver/Src/stm32l4xx_hal_dma.o
LOAD ./Drivers/STM32L4xx_HAL_Driver/Src/stm32l4xx_hal_dma_ex.o
LOAD ./Drivers/STM32L4xx_HAL_Driver/Src/stm32l4xx_hal_exti.o
LOAD ./Drivers/STM32L4xx_HAL_Driver/Src/stm32l4xx_hal_flash.o
LOAD ./Drivers/STM32L4xx_HAL_Driver/Src/stm32l4xx_hal_flash_ex.o
LOAD ./Drivers/STM32L4xx_HAL_Driver/Src/stm32l4xx_hal_flash_ramfunc.o
LOAD ./Drivers/STM32L4xx_HAL_Driver/Src/stm32l4xx_hal_gpio.o
LOAD ./Drivers/STM32L4xx_HAL_Driver/Src/stm32l4xx_hal_i2c.o
LOAD ./Drivers/STM32L4xx_HAL_Driver/Src/stm32l4xx_hal_i2c_ex.o
LOAD ./Drivers/STM32L4xx_HAL_Driver/Src/stm32l4xx_hal_pwr.o
LOAD ./Drivers/STM32L4xx_HAL_Driver/Src/stm32l4xx_hal_pwr_ex.o
LOAD ./Drivers/STM32L4xx_HAL_Driver/Src/stm32l4xx_hal_rcc.o
LOAD ./Drivers/STM32L4xx_HAL_Driver/Src/stm32l4xx_hal_rcc_ex.o
LOAD ./Drivers/STM32L4xx_HAL_Driver/Src/stm32l4xx_hal_spi.o
LOAD ./Drivers/STM32L4xx_HAL_Driver/Src/stm32l4xx_hal_spi_ex.o
LOAD ./Drivers/STM32L4xx_HAL_Driver/Src/stm32l4xx_hal_tim.o
LOAD ./Drivers/STM32L4xx_HAL_Driver/Src/stm32l4xx_hal_tim_ex.o
LOAD ./Drivers/STM32L4xx_HAL_Driver/Src/stm32l4xx_hal_uart.o
LOAD ./Drivers/STM32L4xx_HAL_Driver/Src/stm32l4xx_hal_uart_ex.o
LOAD ./Middlewares/ST/BlueNRG-MS/hci/controller/bluenrg_gap_aci.o
LOAD ./Middlewares/ST/BlueNRG-MS/hci/controller/bluenrg_gatt_aci.o
LOAD ./Middlewares/ST/BlueNRG-MS/hci/controller/bluenrg_hal_aci.o
LOAD ./Middlewares/ST/BlueNRG-MS/hci/controller/bluenrg_l2cap_aci.o
LOAD ./Middlewares/ST/BlueNRG-MS/hci/controller/bluenrg_updater_aci.o
LOAD ./Middlewares/ST/BlueNRG-MS/hci/controller/bluenrg_utils_small.o
LOAD ./Middlewares/ST/BlueNRG-MS/hci/hci_le.o
LOAD ./Middlewares/ST/BlueNRG-MS/hci/hci_tl_patterns/Basic/hci_tl.o
LOAD ./Middlewares/ST/BlueNRG-MS/utils/ble_list.o
START GROUP
LOAD C:/ST/STM32CubeIDE_1.18.0/STM32CubeIDE/plugins/com.st.stm32cube.ide.mcu.externaltools.gnu-tools-for-stm32.13.3.rel1.win32_1.0.0.202411081344/tools/bin/../lib/gcc/arm-none-eabi/13.3.1/../../../../arm-none-eabi/lib/thumb/v7e-m+fp/hard\libc_nano.a
LOAD C:/ST/STM32CubeIDE_1.18.0/STM32CubeIDE/plugins/com.st.stm32cube.ide.mcu.externaltools.gnu-tools-for-stm32.13.3.rel1.win32_1.0.0.202411081344/tools/bin/../lib/gcc/arm-none-eabi/13.3.1/../../../../arm-none-eabi/lib/thumb/v7e-m+fp/hard\libm.a
END GROUP
START GROUP
LOAD C:/ST/STM32CubeIDE_1.18.0/STM32CubeIDE/plugins/com.st.stm32cube.ide.mcu.externaltools.gnu-tools-for-stm32.13.3.rel1.win32_1.0.0.202411081344/tools/bin/../lib/gcc/arm-none-eabi/13.3.1/thumb/v7e-m+fp/hard\libgcc.a
LOAD C:/ST/STM32CubeIDE_1.18.0/STM32CubeIDE/plugins/com.st.stm32cube.ide.mcu.externaltools.gnu-tools-for-stm32.13.3.rel1.win32_1.0.0.202411081344/tools/bin/../lib/gcc/arm-none-eabi/13.3.1/../../../../arm-none-eabi/lib/thumb/v7e-m+fp/hard\libc_nano.a
END GROUP
START GROUP
LOAD C:/ST/STM32CubeIDE_1.18.0/STM32CubeIDE/plugins/com.st.stm32cube.ide.mcu.externaltools.gnu-tools-for-stm32.13.3.rel1.win32_1.0.0.202411081344/tools/bin/../lib/gcc/arm-none-eabi/13.3.1/thumb/v7e-m+fp/hard\libgcc.a
LOAD C:/ST/STM32CubeIDE_1.18.0/STM32CubeIDE/plugins/com.st.stm32cube.ide.mcu.externaltools.gnu-tools-for-stm32.13.3.rel1.win32_1.0.0.202411081344/tools/bin/../lib/gcc/arm-none-eabi/13.3.1/../../../../arm-none-eabi/lib/thumb/v7e-m+fp/hard\libc_nano.a
LOAD C:/ST/STM32CubeIDE_1.18.0/STM32CubeIDE/plugins/com.st.stm32cube.ide.mcu.externaltools.gnu-tools-for-stm32.13.3.rel1.win32_1.0.0.202411081344/tools/bin/../lib/gcc/arm-none-eabi/13.3.1/../../../../arm-none-eabi/lib/thumb/v7e-m+fp/hard\libnosys.a
END GROUP
START GROUP
LOAD C:/ST/STM32CubeIDE_1.18.0/STM32CubeIDE/plugins/com.st.stm32cube.ide.mcu.externaltools.gnu-tools-for-stm32.13.3.rel1.win32_1.0.0.202411081344/tools/bin/../lib/gcc/arm-none-eabi/13.3.1/thumb/v7e-m+fp/hard\libgcc.a
LOAD C:/ST/STM32CubeIDE_1.18.0/STM32CubeIDE/plugins/com.st.stm32cube.ide.mcu.externaltools.gnu-tools-for-stm32.13.3.rel1.win32_1.0.0.202411081344/tools/bin/../lib/gcc/arm-none-eabi/13.3.1/../../../../arm-none-eabi/lib/thumb/v7e-m+fp/hard\libc_nano.a
LOAD C:/ST/STM32CubeIDE_1.18.0/STM32CubeIDE/plugins/com.st.stm32cube.ide.mcu.externaltools.gnu-tools-for-stm32.13.3.rel1.win32_1.0.0.202411081344/tools/bin/../lib/gcc/arm-none-eabi/13.3.1/../../../../arm-none-eabi/lib/thumb/v7e-m+fp/hard\libnosys.a
END GROUP
LOAD C:/ST/STM32CubeIDE_1.18.0/STM32CubeIDE/plugins/com.st.stm32cube.ide.mcu.externaltools.gnu-tools-for-stm32.13.3.rel1.win32_1.0.0.202411081344/tools/bin/../lib/gcc/arm-none-eabi/13.3.1/thumb/v7e-m+fp/hard/crtend.o
LOAD C:/ST/STM32CubeIDE_1.18.0/STM32CubeIDE/plugins/com.st.stm32cube.ide.mcu.externaltools.gnu-tools-for-stm32.13.3.rel1.win32_1.0.0.202411081344/tools/bin/../lib/gcc/arm-none-eabi/13.3.1/thumb/v7e-m+fp/hard/crtn.o
                0x20018000                        _estack = (ORIGIN (RAM) + LENGTH (RAM))
                0x00000200                        _Min_Heap_Size = 0x200
                0x00000400                        _Min_Stack_Size = 0x400

.isr_vector     0x08000000      0x188
                0x08000000                        . = ALIGN (0x4)
 *(.isr_vector)
 .isr_vector    0x08000000      0x188 ./Core/Startup/startup_stm32l476rgtx.o
                0x08000000                g_pfnVectors
                0x08000188                        . = ALIGN (0x4)

.text           0x08000190     0x924c
                0x08000190                        . = ALIGN (0x4)
 *(.text)
 .text          0x08000190       0x40 C:/ST/STM32CubeIDE_1.18.0/STM32CubeIDE/plugins/com.st.stm32cube.ide.mcu.externaltools.gnu-tools-for-stm32.13.3.rel1.win32_1.0.0.202411081344/tools/bin/../lib/gcc/arm-none-eabi/13.3.1/thumb/v7e-m+fp/hard/crtbegin.o
 .text          0x080001d0       0x10 C:/ST/STM32CubeIDE_1.18.0/STM32CubeIDE/plugins/com.st.stm32cube.ide.mcu.externaltools.gnu-tools-for-stm32.13.3.rel1.win32_1.0.0.202411081344/tools/bin/../lib/gcc/arm-none-eabi/13.3.1/../../../../arm-none-eabi/lib/thumb/v7e-m+fp/hard\libc_nano.a(libc_a-strlen.o)
                0x080001d0                strlen
 .text          0x080001e0       0xa0 C:/ST/STM32CubeIDE_1.18.0/STM32CubeIDE/plugins/com.st.stm32cube.ide.mcu.externaltools.gnu-tools-for-stm32.13.3.rel1.win32_1.0.0.202411081344/tools/bin/../lib/gcc/arm-none-eabi/13.3.1/../../../../arm-none-eabi/lib/thumb/v7e-m+fp/hard\libc_nano.a(libc_a-memchr.o)
                0x080001e0                memchr
 .text          0x08000280      0x378 C:/ST/STM32CubeIDE_1.18.0/STM32CubeIDE/plugins/com.st.stm32cube.ide.mcu.externaltools.gnu-tools-for-stm32.13.3.rel1.win32_1.0.0.202411081344/tools/bin/../lib/gcc/arm-none-eabi/13.3.1/thumb/v7e-m+fp/hard\libgcc.a(_arm_addsubdf3.o)
                0x08000280                __aeabi_drsub
                0x08000288                __aeabi_dsub
                0x08000288                __subdf3
                0x0800028c                __aeabi_dadd
                0x0800028c                __adddf3
                0x08000504                __floatunsidf
                0x08000504                __aeabi_ui2d
                0x08000524                __floatsidf
                0x08000524                __aeabi_i2d
                0x08000548                __aeabi_f2d
                0x08000548                __extendsfdf2
                0x0800058c                __floatundidf
                0x0800058c                __aeabi_ul2d
                0x0800059c                __floatdidf
                0x0800059c                __aeabi_l2d
 .text          0x080005f8       0xa0 C:/ST/STM32CubeIDE_1.18.0/STM32CubeIDE/plugins/com.st.stm32cube.ide.mcu.externaltools.gnu-tools-for-stm32.13.3.rel1.win32_1.0.0.202411081344/tools/bin/../lib/gcc/arm-none-eabi/13.3.1/thumb/v7e-m+fp/hard\libgcc.a(_arm_truncdfsf2.o)
                0x080005f8                __truncdfsf2
                0x080005f8                __aeabi_d2f
 .text          0x08000698       0x30 C:/ST/STM32CubeIDE_1.18.0/STM32CubeIDE/plugins/com.st.stm32cube.ide.mcu.externaltools.gnu-tools-for-stm32.13.3.rel1.win32_1.0.0.202411081344/tools/bin/../lib/gcc/arm-none-eabi/13.3.1/thumb/v7e-m+fp/hard\libgcc.a(_aeabi_uldivmod.o)
                0x08000698                __aeabi_uldivmod
 .text          0x080006c8      0x2f8 C:/ST/STM32CubeIDE_1.18.0/STM32CubeIDE/plugins/com.st.stm32cube.ide.mcu.externaltools.gnu-tools-for-stm32.13.3.rel1.win32_1.0.0.202411081344/tools/bin/../lib/gcc/arm-none-eabi/13.3.1/thumb/v7e-m+fp/hard\libgcc.a(_udivmoddi4.o)
                0x080006c8                __udivmoddi4
 .text          0x080009c0        0x4 C:/ST/STM32CubeIDE_1.18.0/STM32CubeIDE/plugins/com.st.stm32cube.ide.mcu.externaltools.gnu-tools-for-stm32.13.3.rel1.win32_1.0.0.202411081344/tools/bin/../lib/gcc/arm-none-eabi/13.3.1/thumb/v7e-m+fp/hard\libgcc.a(_dvmd_tls.o)
                0x080009c0                __aeabi_idiv0
                0x080009c0                __aeabi_ldiv0
 *(.text*)
 .text.MX_BlueNRG_MS_Init
                0x080009c4      0x158 ./BlueNRG_MS/App/app_bluenrg_ms.o
                0x080009c4                MX_BlueNRG_MS_Init
 .text.MX_BlueNRG_MS_Process
                0x08000b1c       0x10 ./BlueNRG_MS/App/app_bluenrg_ms.o
                0x08000b1c                MX_BlueNRG_MS_Process
 .text.User_Init
                0x08000b2c       0x1c ./BlueNRG_MS/App/app_bluenrg_ms.o
 .text.User_Process
                0x08000b48       0xd8 ./BlueNRG_MS/App/app_bluenrg_ms.o
 .text.Set_Random_Environmental_Values
                0x08000c20      0x100 ./BlueNRG_MS/App/app_bluenrg_ms.o
 .text.Set_Random_Motion_Values
                0x08000d20     0x10dc ./BlueNRG_MS/App/app_bluenrg_ms.o
 .text.Reset_Motion_Values
                0x08001dfc      0x1d4 ./BlueNRG_MS/App/app_bluenrg_ms.o
 .text.BSP_PB_Callback
                0x08001fd0       0x20 ./BlueNRG_MS/App/app_bluenrg_ms.o
                0x08001fd0                BSP_PB_Callback
 .text.Add_HWServW2ST_Service
                0x08001ff0      0x1a4 ./BlueNRG_MS/App/gatt_db.o
                0x08001ff0                Add_HWServW2ST_Service
 .text.Add_SWServW2ST_Service
                0x08002194      0x120 ./BlueNRG_MS/App/gatt_db.o
                0x08002194                Add_SWServW2ST_Service
 .text.Acc_Update
                0x080022b4      0x114 ./BlueNRG_MS/App/gatt_db.o
                0x080022b4                Acc_Update
 .text.Quat_Update
                0x080023c8       0x8c ./BlueNRG_MS/App/gatt_db.o
                0x080023c8                Quat_Update
 .text.Read_Request_CB
                0x08002454      0x190 ./BlueNRG_MS/App/gatt_db.o
                0x08002454                Read_Request_CB
 .text.BlueMS_Environmental_Update
                0x080025e4       0x8c ./BlueNRG_MS/App/gatt_db.o
                0x080025e4                BlueMS_Environmental_Update
 .text.Set_DeviceConnectable
                0x08002670       0xe4 ./BlueNRG_MS/App/sensor.o
                0x08002670                Set_DeviceConnectable
 .text.user_notify
                0x08002754       0x9e ./BlueNRG_MS/App/sensor.o
                0x08002754                user_notify
 *fill*         0x080027f2        0x2 
 .text.GAP_DisconnectionComplete_CB
                0x080027f4       0x2c ./BlueNRG_MS/App/sensor.o
                0x080027f4                GAP_DisconnectionComplete_CB
 .text.GAP_ConnectionComplete_CB
                0x08002820       0x40 ./BlueNRG_MS/App/sensor.o
                0x08002820                GAP_ConnectionComplete_CB
 .text.HCI_TL_SPI_Init
                0x08002860       0x8c ./BlueNRG_MS/Target/hci_tl_interface.o
                0x08002860                HCI_TL_SPI_Init
 .text.HCI_TL_SPI_DeInit
                0x080028ec       0x2a ./BlueNRG_MS/Target/hci_tl_interface.o
                0x080028ec                HCI_TL_SPI_DeInit
 .text.HCI_TL_SPI_Reset
                0x08002916       0x3e ./BlueNRG_MS/Target/hci_tl_interface.o
                0x08002916                HCI_TL_SPI_Reset
 .text.HCI_TL_SPI_Receive
                0x08002954       0xaa ./BlueNRG_MS/Target/hci_tl_interface.o
                0x08002954                HCI_TL_SPI_Receive
 *fill*         0x080029fe        0x2 
 .text.HCI_TL_SPI_Send
                0x08002a00       0x9c ./BlueNRG_MS/Target/hci_tl_interface.o
                0x08002a00                HCI_TL_SPI_Send
 .text.IsDataAvailable
                0x08002a9c       0x1e ./BlueNRG_MS/Target/hci_tl_interface.o
 *fill*         0x08002aba        0x2 
 .text.hci_tl_lowlevel_init
                0x08002abc       0x74 ./BlueNRG_MS/Target/hci_tl_interface.o
                0x08002abc                hci_tl_lowlevel_init
 .text.hci_tl_lowlevel_isr
                0x08002b30       0x22 ./BlueNRG_MS/Target/hci_tl_interface.o
                0x08002b30                hci_tl_lowlevel_isr
 .text.main     0x08002b52       0x1e ./Core/Src/main.o
                0x08002b52                main
 .text.SystemClock_Config
                0x08002b70       0xa2 ./Core/Src/main.o
                0x08002b70                SystemClock_Config
 *fill*         0x08002c12        0x2 
 .text.MX_TIM2_Init
                0x08002c14       0x9c ./Core/Src/main.o
 .text.MX_GPIO_Init
                0x08002cb0       0xec ./Core/Src/main.o
 .text.Error_Handler
                0x08002d9c        0xc ./Core/Src/main.o
                0x08002d9c                Error_Handler
 .text.HAL_MspInit
                0x08002da8       0x48 ./Core/Src/stm32l4xx_hal_msp.o
                0x08002da8                HAL_MspInit
 .text.HAL_TIM_Base_MspInit
                0x08002df0       0x3c ./Core/Src/stm32l4xx_hal_msp.o
                0x08002df0                HAL_TIM_Base_MspInit
 .text.NMI_Handler
                0x08002e2c        0x8 ./Core/Src/stm32l4xx_it.o
                0x08002e2c                NMI_Handler
 .text.HardFault_Handler
                0x08002e34        0x8 ./Core/Src/stm32l4xx_it.o
                0x08002e34                HardFault_Handler
 .text.MemManage_Handler
                0x08002e3c        0x8 ./Core/Src/stm32l4xx_it.o
                0x08002e3c                MemManage_Handler
 .text.BusFault_Handler
                0x08002e44        0x8 ./Core/Src/stm32l4xx_it.o
                0x08002e44                BusFault_Handler
 .text.UsageFault_Handler
                0x08002e4c        0x8 ./Core/Src/stm32l4xx_it.o
                0x08002e4c                UsageFault_Handler
 .text.SVC_Handler
                0x08002e54        0xe ./Core/Src/stm32l4xx_it.o
                0x08002e54                SVC_Handler
 .text.DebugMon_Handler
                0x08002e62        0xe ./Core/Src/stm32l4xx_it.o
                0x08002e62                DebugMon_Handler
 .text.PendSV_Handler
                0x08002e70        0xe ./Core/Src/stm32l4xx_it.o
                0x08002e70                PendSV_Handler
 .text.SysTick_Handler
                0x08002e7e        0xc ./Core/Src/stm32l4xx_it.o
                0x08002e7e                SysTick_Handler
 *fill*         0x08002e8a        0x2 
 .text.EXTI0_IRQHandler
                0x08002e8c       0x14 ./Core/Src/stm32l4xx_it.o
                0x08002e8c                EXTI0_IRQHandler
 .text.EXTI15_10_IRQHandler
                0x08002ea0       0x14 ./Core/Src/stm32l4xx_it.o
                0x08002ea0                EXTI15_10_IRQHandler
 .text.BSP_SPI1_Init
                0x08002eb4       0x60 ./Core/Src/stm32l4xx_nucleo_bus.o
                0x08002eb4                BSP_SPI1_Init
 .text.BSP_SPI1_SendRecv
                0x08002f14       0x40 ./Core/Src/stm32l4xx_nucleo_bus.o
                0x08002f14                BSP_SPI1_SendRecv
 .text.BSP_GetTick
                0x08002f54        0xe ./Core/Src/stm32l4xx_nucleo_bus.o
                0x08002f54                BSP_GetTick
 *fill*         0x08002f62        0x2 
 .text.MX_SPI1_Init
                0x08002f64       0x84 ./Core/Src/stm32l4xx_nucleo_bus.o
                0x08002f64                MX_SPI1_Init
 .text.SPI1_MspInit
                0x08002fe8       0xc4 ./Core/Src/stm32l4xx_nucleo_bus.o
 .text._getpid  0x080030ac       0x10 ./Core/Src/syscalls.o
                0x080030ac                _getpid
 .text._kill    0x080030bc       0x20 ./Core/Src/syscalls.o
                0x080030bc                _kill
 .text._exit    0x080030dc       0x16 ./Core/Src/syscalls.o
                0x080030dc                _exit
 .text._read    0x080030f2       0x3a ./Core/Src/syscalls.o
                0x080030f2                _read
 .text._write   0x0800312c       0x38 ./Core/Src/syscalls.o
                0x0800312c                _write
 .text._close   0x08003164       0x18 ./Core/Src/syscalls.o
                0x08003164                _close
 .text._fstat   0x0800317c       0x20 ./Core/Src/syscalls.o
                0x0800317c                _fstat
 .text._isatty  0x0800319c       0x16 ./Core/Src/syscalls.o
                0x0800319c                _isatty
 .text._lseek   0x080031b2       0x1a ./Core/Src/syscalls.o
                0x080031b2                _lseek
 .text._sbrk    0x080031cc       0x6c ./Core/Src/sysmem.o
                0x080031cc                _sbrk
 .text.SystemInit
                0x08003238       0x24 ./Core/Src/system_stm32l4xx.o
                0x08003238                SystemInit
 .text.Reset_Handler
                0x0800325c       0x50 ./Core/Startup/startup_stm32l476rgtx.o
                0x0800325c                Reset_Handler
 .text.Default_Handler
                0x080032ac        0x2 ./Core/Startup/startup_stm32l476rgtx.o
                0x080032ac                RTC_Alarm_IRQHandler
                0x080032ac                EXTI2_IRQHandler
                0x080032ac                TIM8_TRG_COM_IRQHandler
                0x080032ac                TIM8_CC_IRQHandler
                0x080032ac                TIM1_CC_IRQHandler
                0x080032ac                TSC_IRQHandler
                0x080032ac                TAMP_STAMP_IRQHandler
                0x080032ac                EXTI3_IRQHandler
                0x080032ac                LPTIM2_IRQHandler
                0x080032ac                DFSDM1_FLT1_IRQHandler
                0x080032ac                I2C3_ER_IRQHandler
                0x080032ac                DFSDM1_FLT2_IRQHandler
                0x080032ac                I2C2_EV_IRQHandler
                0x080032ac                CAN1_RX0_IRQHandler
                0x080032ac                FPU_IRQHandler
                0x080032ac                TIM1_UP_TIM16_IRQHandler
                0x080032ac                ADC1_2_IRQHandler
                0x080032ac                SPI1_IRQHandler
                0x080032ac                TIM6_DAC_IRQHandler
                0x080032ac                TIM8_UP_IRQHandler
                0x080032ac                DMA2_Channel2_IRQHandler
                0x080032ac                DMA1_Channel4_IRQHandler
                0x080032ac                SAI2_IRQHandler
                0x080032ac                DFSDM1_FLT3_IRQHandler
                0x080032ac                USART3_IRQHandler
                0x080032ac                DMA1_Channel7_IRQHandler
                0x080032ac                CAN1_RX1_IRQHandler
                0x080032ac                LCD_IRQHandler
                0x080032ac                UART5_IRQHandler
                0x080032ac                ADC3_IRQHandler
                0x080032ac                TIM4_IRQHandler
                0x080032ac                DMA2_Channel1_IRQHandler
                0x080032ac                QUADSPI_IRQHandler
                0x080032ac                I2C1_EV_IRQHandler
                0x080032ac                DMA1_Channel6_IRQHandler
                0x080032ac                UART4_IRQHandler
                0x080032ac                DMA2_Channel4_IRQHandler
                0x080032ac                TIM3_IRQHandler
                0x080032ac                RCC_IRQHandler
                0x080032ac                DMA1_Channel1_IRQHandler
                0x080032ac                Default_Handler
                0x080032ac                DMA2_Channel7_IRQHandler
                0x080032ac                TIM7_IRQHandler
                0x080032ac                SDMMC1_IRQHandler
                0x080032ac                TIM5_IRQHandler
                0x080032ac                I2C3_EV_IRQHandler
                0x080032ac                EXTI9_5_IRQHandler
                0x080032ac                RTC_WKUP_IRQHandler
                0x080032ac                PVD_PVM_IRQHandler
                0x080032ac                SPI2_IRQHandler
                0x080032ac                CAN1_TX_IRQHandler
                0x080032ac                DMA2_Channel5_IRQHandler
                0x080032ac                DMA1_Channel5_IRQHandler
                0x080032ac                EXTI4_IRQHandler
                0x080032ac                RNG_IRQHandler
                0x080032ac                TIM1_TRG_COM_TIM17_IRQHandler
                0x080032ac                DMA1_Channel3_IRQHandler
                0x080032ac                COMP_IRQHandler
                0x080032ac                WWDG_IRQHandler
                0x080032ac                LPUART1_IRQHandler
                0x080032ac                DMA2_Channel6_IRQHandler
                0x080032ac                TIM2_IRQHandler
                0x080032ac                EXTI1_IRQHandler
                0x080032ac                USART2_IRQHandler
                0x080032ac                DFSDM1_FLT0_IRQHandler
                0x080032ac                I2C2_ER_IRQHandler
                0x080032ac                DMA1_Channel2_IRQHandler
                0x080032ac                TIM8_BRK_IRQHandler
                0x080032ac                CAN1_SCE_IRQHandler
                0x080032ac                FLASH_IRQHandler
                0x080032ac                USART1_IRQHandler
                0x080032ac                OTG_FS_IRQHandler
                0x080032ac                SPI3_IRQHandler
                0x080032ac                I2C1_ER_IRQHandler
                0x080032ac                FMC_IRQHandler
                0x080032ac                SWPMI1_IRQHandler
                0x080032ac                LPTIM1_IRQHandler
                0x080032ac                SAI1_IRQHandler
                0x080032ac                DMA2_Channel3_IRQHandler
                0x080032ac                TIM1_BRK_TIM15_IRQHandler
 *fill*         0x080032ae        0x2 
 .text.BSP_LED_Init
                0x080032b0       0x24 ./Drivers/BSP/STM32L4xx_Nucleo/stm32l4xx_nucleo.o
                0x080032b0                BSP_LED_Init
 .text.BSP_LED_Toggle
                0x080032d4       0x2c ./Drivers/BSP/STM32L4xx_Nucleo/stm32l4xx_nucleo.o
                0x080032d4                BSP_LED_Toggle
 .text.LED_USER_GPIO_Init
                0x08003300       0x7c ./Drivers/BSP/STM32L4xx_Nucleo/stm32l4xx_nucleo.o
 .text.BSP_PB_Init
                0x0800337c       0xa8 ./Drivers/BSP/STM32L4xx_Nucleo/stm32l4xx_nucleo.o
                0x0800337c                BSP_PB_Init
 .text.BSP_PB_GetState
                0x08003424       0x38 ./Drivers/BSP/STM32L4xx_Nucleo/stm32l4xx_nucleo.o
                0x08003424                BSP_PB_GetState
 .text.BUTTON_USER_EXTI_Callback
                0x0800345c        0xe ./Drivers/BSP/STM32L4xx_Nucleo/stm32l4xx_nucleo.o
 *fill*         0x0800346a        0x2 
 .text.BUTTON_USER_GPIO_Init
                0x0800346c       0x74 ./Drivers/BSP/STM32L4xx_Nucleo/stm32l4xx_nucleo.o
 .text.BSP_COM_Init
                0x080034e0       0x7c ./Drivers/BSP/STM32L4xx_Nucleo/stm32l4xx_nucleo.o
                0x080034e0                BSP_COM_Init
 .text.MX_USART2_UART_Init
                0x0800355c       0x68 ./Drivers/BSP/STM32L4xx_Nucleo/stm32l4xx_nucleo.o
                0x0800355c                MX_USART2_UART_Init
 .text.__io_putchar
                0x080035c4       0x38 ./Drivers/BSP/STM32L4xx_Nucleo/stm32l4xx_nucleo.o
                0x080035c4                __io_putchar
 .text.USART2_MspInit
                0x080035fc       0xbc ./Drivers/BSP/STM32L4xx_Nucleo/stm32l4xx_nucleo.o
 .text.HAL_Init
                0x080036b8       0x40 ./Drivers/STM32L4xx_HAL_Driver/Src/stm32l4xx_hal.o
                0x080036b8                HAL_Init
 .text.HAL_InitTick
                0x080036f8       0x78 ./Drivers/STM32L4xx_HAL_Driver/Src/stm32l4xx_hal.o
                0x080036f8                HAL_InitTick
 .text.HAL_IncTick
                0x08003770       0x28 ./Drivers/STM32L4xx_HAL_Driver/Src/stm32l4xx_hal.o
                0x08003770                HAL_IncTick
 .text.HAL_GetTick
                0x08003798       0x18 ./Drivers/STM32L4xx_HAL_Driver/Src/stm32l4xx_hal.o
                0x08003798                HAL_GetTick
 .text.HAL_Delay
                0x080037b0       0x48 ./Drivers/STM32L4xx_HAL_Driver/Src/stm32l4xx_hal.o
                0x080037b0                HAL_Delay
 .text.__NVIC_SetPriorityGrouping
                0x080037f8       0x48 ./Drivers/STM32L4xx_HAL_Driver/Src/stm32l4xx_hal_cortex.o
 .text.__NVIC_GetPriorityGrouping
                0x08003840       0x1c ./Drivers/STM32L4xx_HAL_Driver/Src/stm32l4xx_hal_cortex.o
 .text.__NVIC_EnableIRQ
                0x0800385c       0x3c ./Drivers/STM32L4xx_HAL_Driver/Src/stm32l4xx_hal_cortex.o
 .text.__NVIC_SetPriority
                0x08003898       0x54 ./Drivers/STM32L4xx_HAL_Driver/Src/stm32l4xx_hal_cortex.o
 .text.NVIC_EncodePriority
                0x080038ec       0x66 ./Drivers/STM32L4xx_HAL_Driver/Src/stm32l4xx_hal_cortex.o
 *fill*         0x08003952        0x2 
 .text.SysTick_Config
                0x08003954       0x44 ./Drivers/STM32L4xx_HAL_Driver/Src/stm32l4xx_hal_cortex.o
 .text.HAL_NVIC_SetPriorityGrouping
                0x08003998       0x16 ./Drivers/STM32L4xx_HAL_Driver/Src/stm32l4xx_hal_cortex.o
                0x08003998                HAL_NVIC_SetPriorityGrouping
 .text.HAL_NVIC_SetPriority
                0x080039ae       0x38 ./Drivers/STM32L4xx_HAL_Driver/Src/stm32l4xx_hal_cortex.o
                0x080039ae                HAL_NVIC_SetPriority
 .text.HAL_NVIC_EnableIRQ
                0x080039e6       0x1c ./Drivers/STM32L4xx_HAL_Driver/Src/stm32l4xx_hal_cortex.o
                0x080039e6                HAL_NVIC_EnableIRQ
 .text.HAL_SYSTICK_Config
                0x08003a02       0x18 ./Drivers/STM32L4xx_HAL_Driver/Src/stm32l4xx_hal_cortex.o
                0x08003a02                HAL_SYSTICK_Config
 .text.HAL_EXTI_RegisterCallback
                0x08003a1a       0x34 ./Drivers/STM32L4xx_HAL_Driver/Src/stm32l4xx_hal_exti.o
                0x08003a1a                HAL_EXTI_RegisterCallback
 .text.HAL_EXTI_GetHandle
                0x08003a4e       0x28 ./Drivers/STM32L4xx_HAL_Driver/Src/stm32l4xx_hal_exti.o
                0x08003a4e                HAL_EXTI_GetHandle
 *fill*         0x08003a76        0x2 
 .text.HAL_EXTI_IRQHandler
                0x08003a78       0x60 ./Drivers/STM32L4xx_HAL_Driver/Src/stm32l4xx_hal_exti.o
                0x08003a78                HAL_EXTI_IRQHandler
 .text.HAL_GPIO_Init
                0x08003ad8      0x354 ./Drivers/STM32L4xx_HAL_Driver/Src/stm32l4xx_hal_gpio.o
                0x08003ad8                HAL_GPIO_Init
 .text.HAL_GPIO_DeInit
                0x08003e2c      0x1e8 ./Drivers/STM32L4xx_HAL_Driver/Src/stm32l4xx_hal_gpio.o
                0x08003e2c                HAL_GPIO_DeInit
 .text.HAL_GPIO_ReadPin
                0x08004014       0x30 ./Drivers/STM32L4xx_HAL_Driver/Src/stm32l4xx_hal_gpio.o
                0x08004014                HAL_GPIO_ReadPin
 .text.HAL_GPIO_WritePin
                0x08004044       0x30 ./Drivers/STM32L4xx_HAL_Driver/Src/stm32l4xx_hal_gpio.o
                0x08004044                HAL_GPIO_WritePin
 .text.HAL_GPIO_TogglePin
                0x08004074       0x34 ./Drivers/STM32L4xx_HAL_Driver/Src/stm32l4xx_hal_gpio.o
                0x08004074                HAL_GPIO_TogglePin
 .text.HAL_PWREx_GetVoltageRange
                0x080040a8       0x1c ./Drivers/STM32L4xx_HAL_Driver/Src/stm32l4xx_hal_pwr_ex.o
                0x080040a8                HAL_PWREx_GetVoltageRange
 .text.HAL_PWREx_ControlVoltageScaling
                0x080040c4       0xac ./Drivers/STM32L4xx_HAL_Driver/Src/stm32l4xx_hal_pwr_ex.o
                0x080040c4                HAL_PWREx_ControlVoltageScaling
 .text.HAL_RCC_OscConfig
                0x08004170      0x7b8 ./Drivers/STM32L4xx_HAL_Driver/Src/stm32l4xx_hal_rcc.o
                0x08004170                HAL_RCC_OscConfig
 .text.HAL_RCC_ClockConfig
                0x08004928      0x200 ./Drivers/STM32L4xx_HAL_Driver/Src/stm32l4xx_hal_rcc.o
                0x08004928                HAL_RCC_ClockConfig
 .text.HAL_RCC_GetSysClockFreq
                0x08004b28      0x118 ./Drivers/STM32L4xx_HAL_Driver/Src/stm32l4xx_hal_rcc.o
                0x08004b28                HAL_RCC_GetSysClockFreq
 .text.HAL_RCC_GetHCLKFreq
                0x08004c40       0x18 ./Drivers/STM32L4xx_HAL_Driver/Src/stm32l4xx_hal_rcc.o
                0x08004c40                HAL_RCC_GetHCLKFreq
 .text.HAL_RCC_GetPCLK1Freq
                0x08004c58       0x2c ./Drivers/STM32L4xx_HAL_Driver/Src/stm32l4xx_hal_rcc.o
                0x08004c58                HAL_RCC_GetPCLK1Freq
 .text.HAL_RCC_GetPCLK2Freq
                0x08004c84       0x2c ./Drivers/STM32L4xx_HAL_Driver/Src/stm32l4xx_hal_rcc.o
                0x08004c84                HAL_RCC_GetPCLK2Freq
 .text.RCC_SetFlashLatencyFromMSIRange
                0x08004cb0       0xc0 ./Drivers/STM32L4xx_HAL_Driver/Src/stm32l4xx_hal_rcc.o
 .text.HAL_RCCEx_PeriphCLKConfig
                0x08004d70      0x5d4 ./Drivers/STM32L4xx_HAL_Driver/Src/stm32l4xx_hal_rcc_ex.o
                0x08004d70                HAL_RCCEx_PeriphCLKConfig
 .text.RCCEx_PLLSAI1_Config
                0x08005344      0x1e8 ./Drivers/STM32L4xx_HAL_Driver/Src/stm32l4xx_hal_rcc_ex.o
 .text.RCCEx_PLLSAI2_Config
                0x0800552c      0x1bc ./Drivers/STM32L4xx_HAL_Driver/Src/stm32l4xx_hal_rcc_ex.o
 .text.HAL_SPI_Init
                0x080056e8      0x146 ./Drivers/STM32L4xx_HAL_Driver/Src/stm32l4xx_hal_spi.o
                0x080056e8                HAL_SPI_Init
 .text.HAL_SPI_MspInit
                0x0800582e       0x14 ./Drivers/STM32L4xx_HAL_Driver/Src/stm32l4xx_hal_spi.o
                0x0800582e                HAL_SPI_MspInit
 .text.HAL_SPI_TransmitReceive
                0x08005842      0x43e ./Drivers/STM32L4xx_HAL_Driver/Src/stm32l4xx_hal_spi.o
                0x08005842                HAL_SPI_TransmitReceive
 .text.HAL_SPI_GetState
                0x08005c80       0x1c ./Drivers/STM32L4xx_HAL_Driver/Src/stm32l4xx_hal_spi.o
                0x08005c80                HAL_SPI_GetState
 .text.SPI_WaitFlagStateUntilTimeout
                0x08005c9c      0x110 ./Drivers/STM32L4xx_HAL_Driver/Src/stm32l4xx_hal_spi.o
 .text.SPI_WaitFifoStateUntilTimeout
                0x08005dac      0x12c ./Drivers/STM32L4xx_HAL_Driver/Src/stm32l4xx_hal_spi.o
 .text.SPI_EndRxTxTransaction
                0x08005ed8       0x8c ./Drivers/STM32L4xx_HAL_Driver/Src/stm32l4xx_hal_spi.o
 .text.HAL_TIM_Base_Init
                0x08005f64       0xae ./Drivers/STM32L4xx_HAL_Driver/Src/stm32l4xx_hal_tim.o
                0x08005f64                HAL_TIM_Base_Init
 .text.HAL_TIM_ConfigClockSource
                0x08006012      0x192 ./Drivers/STM32L4xx_HAL_Driver/Src/stm32l4xx_hal_tim.o
                0x08006012                HAL_TIM_ConfigClockSource
 .text.TIM_Base_SetConfig
                0x080061a4      0x14c ./Drivers/STM32L4xx_HAL_Driver/Src/stm32l4xx_hal_tim.o
                0x080061a4                TIM_Base_SetConfig
 .text.TIM_TI1_ConfigInputStage
                0x080062f0       0x5e ./Drivers/STM32L4xx_HAL_Driver/Src/stm32l4xx_hal_tim.o
 .text.TIM_TI2_ConfigInputStage
                0x0800634e       0x60 ./Drivers/STM32L4xx_HAL_Driver/Src/stm32l4xx_hal_tim.o
 .text.TIM_ITRx_SetConfig
                0x080063ae       0x36 ./Drivers/STM32L4xx_HAL_Driver/Src/stm32l4xx_hal_tim.o
 .text.TIM_ETR_SetConfig
                0x080063e4       0x40 ./Drivers/STM32L4xx_HAL_Driver/Src/stm32l4xx_hal_tim.o
                0x080063e4                TIM_ETR_SetConfig
 .text.HAL_TIMEx_MasterConfigSynchronization
                0x08006424      0x110 ./Drivers/STM32L4xx_HAL_Driver/Src/stm32l4xx_hal_tim_ex.o
                0x08006424                HAL_TIMEx_MasterConfigSynchronization
 .text.HAL_UART_Init
                0x08006534       0x9c ./Drivers/STM32L4xx_HAL_Driver/Src/stm32l4xx_hal_uart.o
                0x08006534                HAL_UART_Init
 .text.HAL_UART_MspInit
                0x080065d0       0x14 ./Drivers/STM32L4xx_HAL_Driver/Src/stm32l4xx_hal_uart.o
                0x080065d0                HAL_UART_MspInit
 .text.HAL_UART_Transmit
                0x080065e4      0x112 ./Drivers/STM32L4xx_HAL_Driver/Src/stm32l4xx_hal_uart.o
                0x080065e4                HAL_UART_Transmit
 *fill*         0x080066f6        0x2 
 .text.UART_SetConfig
                0x080066f8      0x570 ./Drivers/STM32L4xx_HAL_Driver/Src/stm32l4xx_hal_uart.o
                0x080066f8                UART_SetConfig
 .text.UART_AdvFeatureConfig
                0x08006c68      0x144 ./Drivers/STM32L4xx_HAL_Driver/Src/stm32l4xx_hal_uart.o
                0x08006c68                UART_AdvFeatureConfig
 .text.UART_CheckIdleState
                0x08006dac      0x150 ./Drivers/STM32L4xx_HAL_Driver/Src/stm32l4xx_hal_uart.o
                0x08006dac                UART_CheckIdleState
 .text.UART_WaitOnFlagUntilTimeout
                0x08006efc       0xda ./Drivers/STM32L4xx_HAL_Driver/Src/stm32l4xx_hal_uart.o
                0x08006efc                UART_WaitOnFlagUntilTimeout
 .text.UART_EndRxTransfer
                0x08006fd6       0xc8 ./Drivers/STM32L4xx_HAL_Driver/Src/stm32l4xx_hal_uart.o
 .text.aci_gap_init_IDB05A1
                0x0800709e       0xa0 ./Middlewares/ST/BlueNRG-MS/hci/controller/bluenrg_gap_aci.o
                0x0800709e                aci_gap_init_IDB05A1
 .text.aci_gap_init_IDB04A1
                0x0800713e       0x94 ./Middlewares/ST/BlueNRG-MS/hci/controller/bluenrg_gap_aci.o
                0x0800713e                aci_gap_init_IDB04A1
 .text.aci_gap_set_discoverable
                0x080071d2      0x1d4 ./Middlewares/ST/BlueNRG-MS/hci/controller/bluenrg_gap_aci.o
                0x080071d2                aci_gap_set_discoverable
 .text.aci_gap_set_auth_requirement
                0x080073a6       0xae ./Middlewares/ST/BlueNRG-MS/hci/controller/bluenrg_gap_aci.o
                0x080073a6                aci_gap_set_auth_requirement
 .text.aci_gap_update_adv_data
                0x08007454       0xa2 ./Middlewares/ST/BlueNRG-MS/hci/controller/bluenrg_gap_aci.o
                0x08007454                aci_gap_update_adv_data
 .text.aci_gatt_init
                0x080074f6       0x46 ./Middlewares/ST/BlueNRG-MS/hci/controller/bluenrg_gatt_aci.o
                0x080074f6                aci_gatt_init
 .text.aci_gatt_add_serv
                0x0800753c      0x112 ./Middlewares/ST/BlueNRG-MS/hci/controller/bluenrg_gatt_aci.o
                0x0800753c                aci_gatt_add_serv
 .text.aci_gatt_add_char
                0x0800764e      0x196 ./Middlewares/ST/BlueNRG-MS/hci/controller/bluenrg_gatt_aci.o
                0x0800764e                aci_gatt_add_char
 .text.aci_gatt_update_char_value
                0x080077e4      0x120 ./Middlewares/ST/BlueNRG-MS/hci/controller/bluenrg_gatt_aci.o
                0x080077e4                aci_gatt_update_char_value
 .text.aci_gatt_allow_read
                0x08007904       0x5a ./Middlewares/ST/BlueNRG-MS/hci/controller/bluenrg_gatt_aci.o
                0x08007904                aci_gatt_allow_read
 .text.aci_hal_read_config_data
                0x0800795e       0xaa ./Middlewares/ST/BlueNRG-MS/hci/controller/bluenrg_hal_aci.o
                0x0800795e                aci_hal_read_config_data
 .text.aci_hal_set_tx_power_level
                0x08007a08       0x62 ./Middlewares/ST/BlueNRG-MS/hci/controller/bluenrg_hal_aci.o
                0x08007a08                aci_hal_set_tx_power_level
 .text.getBlueNRGVersion
                0x08007a6a       0x84 ./Middlewares/ST/BlueNRG-MS/hci/controller/bluenrg_utils_small.o
                0x08007a6a                getBlueNRGVersion
 .text.hci_reset
                0x08007aee       0x44 ./Middlewares/ST/BlueNRG-MS/hci/hci_le.o
                0x08007aee                hci_reset
 .text.hci_le_read_local_version
                0x08007b32       0x94 ./Middlewares/ST/BlueNRG-MS/hci/hci_le.o
                0x08007b32                hci_le_read_local_version
 .text.hci_le_set_scan_resp_data
                0x08007bc6       0x82 ./Middlewares/ST/BlueNRG-MS/hci/hci_le.o
                0x08007bc6                hci_le_set_scan_resp_data
 .text.verify_packet
                0x08007c48       0x40 ./Middlewares/ST/BlueNRG-MS/hci/hci_tl_patterns/Basic/hci_tl.o
 .text.send_cmd
                0x08007c88       0x84 ./Middlewares/ST/BlueNRG-MS/hci/hci_tl_patterns/Basic/hci_tl.o
 .text.move_list
                0x08007d0c       0x38 ./Middlewares/ST/BlueNRG-MS/hci/hci_tl_patterns/Basic/hci_tl.o
 .text.free_event_list
                0x08007d44       0x3c ./Middlewares/ST/BlueNRG-MS/hci/hci_tl_patterns/Basic/hci_tl.o
 .text.hci_init
                0x08007d80       0x84 ./Middlewares/ST/BlueNRG-MS/hci/hci_tl_patterns/Basic/hci_tl.o
                0x08007d80                hci_init
 .text.hci_register_io_bus
                0x08007e04       0x40 ./Middlewares/ST/BlueNRG-MS/hci/hci_tl_patterns/Basic/hci_tl.o
                0x08007e04                hci_register_io_bus
 .text.hci_send_req
                0x08007e44      0x230 ./Middlewares/ST/BlueNRG-MS/hci/hci_tl_patterns/Basic/hci_tl.o
                0x08007e44                hci_send_req
 .text.hci_user_evt_proc
                0x08008074       0x58 ./Middlewares/ST/BlueNRG-MS/hci/hci_tl_patterns/Basic/hci_tl.o
                0x08008074                hci_user_evt_proc
 .text.hci_notify_asynch_evt
                0x080080cc       0x9c ./Middlewares/ST/BlueNRG-MS/hci/hci_tl_patterns/Basic/hci_tl.o
                0x080080cc                hci_notify_asynch_evt
 .text.list_init_head
                0x08008168       0x20 ./Middlewares/ST/BlueNRG-MS/utils/ble_list.o
                0x08008168                list_init_head
 .text.list_is_empty
                0x08008188       0x44 ./Middlewares/ST/BlueNRG-MS/utils/ble_list.o
                0x08008188                list_is_empty
 .text.list_insert_head
                0x080081cc       0x4c ./Middlewares/ST/BlueNRG-MS/utils/ble_list.o
                0x080081cc                list_insert_head
 .text.list_insert_tail
                0x08008218       0x4c ./Middlewares/ST/BlueNRG-MS/utils/ble_list.o
                0x08008218                list_insert_tail
 .text.list_remove_node
                0x08008264       0x42 ./Middlewares/ST/BlueNRG-MS/utils/ble_list.o
                0x08008264                list_remove_node
 .text.list_remove_head
                0x080082a6       0x4e ./Middlewares/ST/BlueNRG-MS/utils/ble_list.o
                0x080082a6                list_remove_head
 .text.list_remove_tail
                0x080082f4       0x4e ./Middlewares/ST/BlueNRG-MS/utils/ble_list.o
                0x080082f4                list_remove_tail
 .text.list_get_size
                0x08008342       0x50 ./Middlewares/ST/BlueNRG-MS/utils/ble_list.o
                0x08008342                list_get_size
 *fill*         0x08008392        0x2 
 .text.srand    0x08008394       0x5c C:/ST/STM32CubeIDE_1.18.0/STM32CubeIDE/plugins/com.st.stm32cube.ide.mcu.externaltools.gnu-tools-for-stm32.13.3.rel1.win32_1.0.0.202411081344/tools/bin/../lib/gcc/arm-none-eabi/13.3.1/../../../../arm-none-eabi/lib/thumb/v7e-m+fp/hard\libc_nano.a(libc_a-rand.o)
                0x08008394                srand
 .text.rand     0x080083f0       0x7c C:/ST/STM32CubeIDE_1.18.0/STM32CubeIDE/plugins/com.st.stm32cube.ide.mcu.externaltools.gnu-tools-for-stm32.13.3.rel1.win32_1.0.0.202411081344/tools/bin/../lib/gcc/arm-none-eabi/13.3.1/../../../../arm-none-eabi/lib/thumb/v7e-m+fp/hard\libc_nano.a(libc_a-rand.o)
                0x080083f0                rand
 .text.std      0x0800846c       0x6c C:/ST/STM32CubeIDE_1.18.0/STM32CubeIDE/plugins/com.st.stm32cube.ide.mcu.externaltools.gnu-tools-for-stm32.13.3.rel1.win32_1.0.0.202411081344/tools/bin/../lib/gcc/arm-none-eabi/13.3.1/../../../../arm-none-eabi/lib/thumb/v7e-m+fp/hard\libc_nano.a(libc_a-findfp.o)
 .text.stdio_exit_handler
                0x080084d8       0x18 C:/ST/STM32CubeIDE_1.18.0/STM32CubeIDE/plugins/com.st.stm32cube.ide.mcu.externaltools.gnu-tools-for-stm32.13.3.rel1.win32_1.0.0.202411081344/tools/bin/../lib/gcc/arm-none-eabi/13.3.1/../../../../arm-none-eabi/lib/thumb/v7e-m+fp/hard\libc_nano.a(libc_a-findfp.o)
 .text.cleanup_stdio
                0x080084f0       0x40 C:/ST/STM32CubeIDE_1.18.0/STM32CubeIDE/plugins/com.st.stm32cube.ide.mcu.externaltools.gnu-tools-for-stm32.13.3.rel1.win32_1.0.0.202411081344/tools/bin/../lib/gcc/arm-none-eabi/13.3.1/../../../../arm-none-eabi/lib/thumb/v7e-m+fp/hard\libc_nano.a(libc_a-findfp.o)
 .text.global_stdio_init.part.0
                0x08008530       0x3c C:/ST/STM32CubeIDE_1.18.0/STM32CubeIDE/plugins/com.st.stm32cube.ide.mcu.externaltools.gnu-tools-for-stm32.13.3.rel1.win32_1.0.0.202411081344/tools/bin/../lib/gcc/arm-none-eabi/13.3.1/../../../../arm-none-eabi/lib/thumb/v7e-m+fp/hard\libc_nano.a(libc_a-findfp.o)
 .text.__sfp_lock_acquire
                0x0800856c        0xc C:/ST/STM32CubeIDE_1.18.0/STM32CubeIDE/plugins/com.st.stm32cube.ide.mcu.externaltools.gnu-tools-for-stm32.13.3.rel1.win32_1.0.0.202411081344/tools/bin/../lib/gcc/arm-none-eabi/13.3.1/../../../../arm-none-eabi/lib/thumb/v7e-m+fp/hard\libc_nano.a(libc_a-findfp.o)
                0x0800856c                __sfp_lock_acquire
 .text.__sfp_lock_release
                0x08008578        0xc C:/ST/STM32CubeIDE_1.18.0/STM32CubeIDE/plugins/com.st.stm32cube.ide.mcu.externaltools.gnu-tools-for-stm32.13.3.rel1.win32_1.0.0.202411081344/tools/bin/../lib/gcc/arm-none-eabi/13.3.1/../../../../arm-none-eabi/lib/thumb/v7e-m+fp/hard\libc_nano.a(libc_a-findfp.o)
                0x08008578                __sfp_lock_release
 .text.__sinit  0x08008584       0x30 C:/ST/STM32CubeIDE_1.18.0/STM32CubeIDE/plugins/com.st.stm32cube.ide.mcu.externaltools.gnu-tools-for-stm32.13.3.rel1.win32_1.0.0.202411081344/tools/bin/../lib/gcc/arm-none-eabi/13.3.1/../../../../arm-none-eabi/lib/thumb/v7e-m+fp/hard\libc_nano.a(libc_a-findfp.o)
                0x08008584                __sinit
 .text._fwalk_sglue
                0x080085b4       0x3c C:/ST/STM32CubeIDE_1.18.0/STM32CubeIDE/plugins/com.st.stm32cube.ide.mcu.externaltools.gnu-tools-for-stm32.13.3.rel1.win32_1.0.0.202411081344/tools/bin/../lib/gcc/arm-none-eabi/13.3.1/../../../../arm-none-eabi/lib/thumb/v7e-m+fp/hard\libc_nano.a(libc_a-fwalk.o)
                0x080085b4                _fwalk_sglue
 .text.__sread  0x080085f0       0x22 C:/ST/STM32CubeIDE_1.18.0/STM32CubeIDE/plugins/com.st.stm32cube.ide.mcu.externaltools.gnu-tools-for-stm32.13.3.rel1.win32_1.0.0.202411081344/tools/bin/../lib/gcc/arm-none-eabi/13.3.1/../../../../arm-none-eabi/lib/thumb/v7e-m+fp/hard\libc_nano.a(libc_a-stdio.o)
                0x080085f0                __sread
 .text.__swrite
                0x08008612       0x38 C:/ST/STM32CubeIDE_1.18.0/STM32CubeIDE/plugins/com.st.stm32cube.ide.mcu.externaltools.gnu-tools-for-stm32.13.3.rel1.win32_1.0.0.202411081344/tools/bin/../lib/gcc/arm-none-eabi/13.3.1/../../../../arm-none-eabi/lib/thumb/v7e-m+fp/hard\libc_nano.a(libc_a-stdio.o)
                0x08008612                __swrite
 .text.__sseek  0x0800864a       0x24 C:/ST/STM32CubeIDE_1.18.0/STM32CubeIDE/plugins/com.st.stm32cube.ide.mcu.externaltools.gnu-tools-for-stm32.13.3.rel1.win32_1.0.0.202411081344/tools/bin/../lib/gcc/arm-none-eabi/13.3.1/../../../../arm-none-eabi/lib/thumb/v7e-m+fp/hard\libc_nano.a(libc_a-stdio.o)
                0x0800864a                __sseek
 .text.__sclose
                0x0800866e        0x8 C:/ST/STM32CubeIDE_1.18.0/STM32CubeIDE/plugins/com.st.stm32cube.ide.mcu.externaltools.gnu-tools-for-stm32.13.3.rel1.win32_1.0.0.202411081344/tools/bin/../lib/gcc/arm-none-eabi/13.3.1/../../../../arm-none-eabi/lib/thumb/v7e-m+fp/hard\libc_nano.a(libc_a-stdio.o)
                0x0800866e                __sclose
 .text.memset   0x08008676       0x10 C:/ST/STM32CubeIDE_1.18.0/STM32CubeIDE/plugins/com.st.stm32cube.ide.mcu.externaltools.gnu-tools-for-stm32.13.3.rel1.win32_1.0.0.202411081344/tools/bin/../lib/gcc/arm-none-eabi/13.3.1/../../../../arm-none-eabi/lib/thumb/v7e-m+fp/hard\libc_nano.a(libc_a-memset.o)
                0x08008676                memset
 *fill*         0x08008686        0x2 
 .text._close_r
                0x08008688       0x20 C:/ST/STM32CubeIDE_1.18.0/STM32CubeIDE/plugins/com.st.stm32cube.ide.mcu.externaltools.gnu-tools-for-stm32.13.3.rel1.win32_1.0.0.202411081344/tools/bin/../lib/gcc/arm-none-eabi/13.3.1/../../../../arm-none-eabi/lib/thumb/v7e-m+fp/hard\libc_nano.a(libc_a-closer.o)
                0x08008688                _close_r
 .text._lseek_r
                0x080086a8       0x24 C:/ST/STM32CubeIDE_1.18.0/STM32CubeIDE/plugins/com.st.stm32cube.ide.mcu.externaltools.gnu-tools-for-stm32.13.3.rel1.win32_1.0.0.202411081344/tools/bin/../lib/gcc/arm-none-eabi/13.3.1/../../../../arm-none-eabi/lib/thumb/v7e-m+fp/hard\libc_nano.a(libc_a-lseekr.o)
                0x080086a8                _lseek_r
 .text._read_r  0x080086cc       0x24 C:/ST/STM32CubeIDE_1.18.0/STM32CubeIDE/plugins/com.st.stm32cube.ide.mcu.externaltools.gnu-tools-for-stm32.13.3.rel1.win32_1.0.0.202411081344/tools/bin/../lib/gcc/arm-none-eabi/13.3.1/../../../../arm-none-eabi/lib/thumb/v7e-m+fp/hard\libc_nano.a(libc_a-readr.o)
                0x080086cc                _read_r
 .text._write_r
                0x080086f0       0x24 C:/ST/STM32CubeIDE_1.18.0/STM32CubeIDE/plugins/com.st.stm32cube.ide.mcu.externaltools.gnu-tools-for-stm32.13.3.rel1.win32_1.0.0.202411081344/tools/bin/../lib/gcc/arm-none-eabi/13.3.1/../../../../arm-none-eabi/lib/thumb/v7e-m+fp/hard\libc_nano.a(libc_a-writer.o)
                0x080086f0                _write_r
 .text.__errno  0x08008714        0xc C:/ST/STM32CubeIDE_1.18.0/STM32CubeIDE/plugins/com.st.stm32cube.ide.mcu.externaltools.gnu-tools-for-stm32.13.3.rel1.win32_1.0.0.202411081344/tools/bin/../lib/gcc/arm-none-eabi/13.3.1/../../../../arm-none-eabi/lib/thumb/v7e-m+fp/hard\libc_nano.a(libc_a-errno.o)
                0x08008714                __errno
 .text.__libc_init_array
                0x08008720       0x48 C:/ST/STM32CubeIDE_1.18.0/STM32CubeIDE/plugins/com.st.stm32cube.ide.mcu.externaltools.gnu-tools-for-stm32.13.3.rel1.win32_1.0.0.202411081344/tools/bin/../lib/gcc/arm-none-eabi/13.3.1/../../../../arm-none-eabi/lib/thumb/v7e-m+fp/hard\libc_nano.a(libc_a-init.o)
                0x08008720                __libc_init_array
 .text.__retarget_lock_init_recursive
                0x08008768        0x2 C:/ST/STM32CubeIDE_1.18.0/STM32CubeIDE/plugins/com.st.stm32cube.ide.mcu.externaltools.gnu-tools-for-stm32.13.3.rel1.win32_1.0.0.202411081344/tools/bin/../lib/gcc/arm-none-eabi/13.3.1/../../../../arm-none-eabi/lib/thumb/v7e-m+fp/hard\libc_nano.a(libc_a-lock.o)
                0x08008768                __retarget_lock_init_recursive
 .text.__retarget_lock_acquire_recursive
                0x0800876a        0x2 C:/ST/STM32CubeIDE_1.18.0/STM32CubeIDE/plugins/com.st.stm32cube.ide.mcu.externaltools.gnu-tools-for-stm32.13.3.rel1.win32_1.0.0.202411081344/tools/bin/../lib/gcc/arm-none-eabi/13.3.1/../../../../arm-none-eabi/lib/thumb/v7e-m+fp/hard\libc_nano.a(libc_a-lock.o)
                0x0800876a                __retarget_lock_acquire_recursive
 .text.__retarget_lock_release_recursive
                0x0800876c        0x2 C:/ST/STM32CubeIDE_1.18.0/STM32CubeIDE/plugins/com.st.stm32cube.ide.mcu.externaltools.gnu-tools-for-stm32.13.3.rel1.win32_1.0.0.202411081344/tools/bin/../lib/gcc/arm-none-eabi/13.3.1/../../../../arm-none-eabi/lib/thumb/v7e-m+fp/hard\libc_nano.a(libc_a-lock.o)
                0x0800876c                __retarget_lock_release_recursive
 .text.memcpy   0x0800876e       0x1c C:/ST/STM32CubeIDE_1.18.0/STM32CubeIDE/plugins/com.st.stm32cube.ide.mcu.externaltools.gnu-tools-for-stm32.13.3.rel1.win32_1.0.0.202411081344/tools/bin/../lib/gcc/arm-none-eabi/13.3.1/../../../../arm-none-eabi/lib/thumb/v7e-m+fp/hard\libc_nano.a(libc_a-memcpy-stub.o)
                0x0800876e                memcpy
 *fill*         0x0800878a        0x2 
 .text.__assert_func
                0x0800878c       0x3c C:/ST/STM32CubeIDE_1.18.0/STM32CubeIDE/plugins/com.st.stm32cube.ide.mcu.externaltools.gnu-tools-for-stm32.13.3.rel1.win32_1.0.0.202411081344/tools/bin/../lib/gcc/arm-none-eabi/13.3.1/../../../../arm-none-eabi/lib/thumb/v7e-m+fp/hard\libc_nano.a(libc_a-assert.o)
                0x0800878c                __assert_func
 .text._free_r  0x080087c8       0x94 C:/ST/STM32CubeIDE_1.18.0/STM32CubeIDE/plugins/com.st.stm32cube.ide.mcu.externaltools.gnu-tools-for-stm32.13.3.rel1.win32_1.0.0.202411081344/tools/bin/../lib/gcc/arm-none-eabi/13.3.1/../../../../arm-none-eabi/lib/thumb/v7e-m+fp/hard\libc_nano.a(libc_a-freer.o)
                0x080087c8                _free_r
 .text.malloc   0x0800885c       0x10 C:/ST/STM32CubeIDE_1.18.0/STM32CubeIDE/plugins/com.st.stm32cube.ide.mcu.externaltools.gnu-tools-for-stm32.13.3.rel1.win32_1.0.0.202411081344/tools/bin/../lib/gcc/arm-none-eabi/13.3.1/../../../../arm-none-eabi/lib/thumb/v7e-m+fp/hard\libc_nano.a(libc_a-malloc.o)
                0x0800885c                malloc
 .text.sbrk_aligned
                0x0800886c       0x44 C:/ST/STM32CubeIDE_1.18.0/STM32CubeIDE/plugins/com.st.stm32cube.ide.mcu.externaltools.gnu-tools-for-stm32.13.3.rel1.win32_1.0.0.202411081344/tools/bin/../lib/gcc/arm-none-eabi/13.3.1/../../../../arm-none-eabi/lib/thumb/v7e-m+fp/hard\libc_nano.a(libc_a-mallocr.o)
 .text._malloc_r
                0x080088b0      0x100 C:/ST/STM32CubeIDE_1.18.0/STM32CubeIDE/plugins/com.st.stm32cube.ide.mcu.externaltools.gnu-tools-for-stm32.13.3.rel1.win32_1.0.0.202411081344/tools/bin/../lib/gcc/arm-none-eabi/13.3.1/../../../../arm-none-eabi/lib/thumb/v7e-m+fp/hard\libc_nano.a(libc_a-mallocr.o)
                0x080088b0                _malloc_r
 .text.__malloc_lock
                0x080089b0        0xc C:/ST/STM32CubeIDE_1.18.0/STM32CubeIDE/plugins/com.st.stm32cube.ide.mcu.externaltools.gnu-tools-for-stm32.13.3.rel1.win32_1.0.0.202411081344/tools/bin/../lib/gcc/arm-none-eabi/13.3.1/../../../../arm-none-eabi/lib/thumb/v7e-m+fp/hard\libc_nano.a(libc_a-mlock.o)
                0x080089b0                __malloc_lock
 .text.__malloc_unlock
                0x080089bc        0xc C:/ST/STM32CubeIDE_1.18.0/STM32CubeIDE/plugins/com.st.stm32cube.ide.mcu.externaltools.gnu-tools-for-stm32.13.3.rel1.win32_1.0.0.202411081344/tools/bin/../lib/gcc/arm-none-eabi/13.3.1/../../../../arm-none-eabi/lib/thumb/v7e-m+fp/hard\libc_nano.a(libc_a-mlock.o)
                0x080089bc                __malloc_unlock
 .text.__sflush_r
                0x080089c8      0x108 C:/ST/STM32CubeIDE_1.18.0/STM32CubeIDE/plugins/com.st.stm32cube.ide.mcu.externaltools.gnu-tools-for-stm32.13.3.rel1.win32_1.0.0.202411081344/tools/bin/../lib/gcc/arm-none-eabi/13.3.1/../../../../arm-none-eabi/lib/thumb/v7e-m+fp/hard\libc_nano.a(libc_a-fflush.o)
                0x080089c8                __sflush_r
 .text._fflush_r
                0x08008ad0       0x50 C:/ST/STM32CubeIDE_1.18.0/STM32CubeIDE/plugins/com.st.stm32cube.ide.mcu.externaltools.gnu-tools-for-stm32.13.3.rel1.win32_1.0.0.202411081344/tools/bin/../lib/gcc/arm-none-eabi/13.3.1/../../../../arm-none-eabi/lib/thumb/v7e-m+fp/hard\libc_nano.a(libc_a-fflush.o)
                0x08008ad0                _fflush_r
 .text.fprintf  0x08008b20       0x24 C:/ST/STM32CubeIDE_1.18.0/STM32CubeIDE/plugins/com.st.stm32cube.ide.mcu.externaltools.gnu-tools-for-stm32.13.3.rel1.win32_1.0.0.202411081344/tools/bin/../lib/gcc/arm-none-eabi/13.3.1/../../../../arm-none-eabi/lib/thumb/v7e-m+fp/hard\libc_nano.a(libc_a-fprintf.o)
                0x08008b20                fiprintf
                0x08008b20                fprintf
 .text._sbrk_r  0x08008b44       0x20 C:/ST/STM32CubeIDE_1.18.0/STM32CubeIDE/plugins/com.st.stm32cube.ide.mcu.externaltools.gnu-tools-for-stm32.13.3.rel1.win32_1.0.0.202411081344/tools/bin/../lib/gcc/arm-none-eabi/13.3.1/../../../../arm-none-eabi/lib/thumb/v7e-m+fp/hard\libc_nano.a(libc_a-sbrkr.o)
                0x08008b44                _sbrk_r
 .text.abort    0x08008b64        0xe C:/ST/STM32CubeIDE_1.18.0/STM32CubeIDE/plugins/com.st.stm32cube.ide.mcu.externaltools.gnu-tools-for-stm32.13.3.rel1.win32_1.0.0.202411081344/tools/bin/../lib/gcc/arm-none-eabi/13.3.1/../../../../arm-none-eabi/lib/thumb/v7e-m+fp/hard\libc_nano.a(libc_a-abort.o)
                0x08008b64                abort
 .text.__sfputc_r
                0x08008b72       0x2e C:/ST/STM32CubeIDE_1.18.0/STM32CubeIDE/plugins/com.st.stm32cube.ide.mcu.externaltools.gnu-tools-for-stm32.13.3.rel1.win32_1.0.0.202411081344/tools/bin/../lib/gcc/arm-none-eabi/13.3.1/../../../../arm-none-eabi/lib/thumb/v7e-m+fp/hard\libc_nano.a(libc_a-nano-vfprintf.o)
 .text.__sfputs_r
                0x08008ba0       0x24 C:/ST/STM32CubeIDE_1.18.0/STM32CubeIDE/plugins/com.st.stm32cube.ide.mcu.externaltools.gnu-tools-for-stm32.13.3.rel1.win32_1.0.0.202411081344/tools/bin/../lib/gcc/arm-none-eabi/13.3.1/../../../../arm-none-eabi/lib/thumb/v7e-m+fp/hard\libc_nano.a(libc_a-nano-vfprintf.o)
                0x08008ba0                __sfputs_r
 .text._vfprintf_r
                0x08008bc4      0x230 C:/ST/STM32CubeIDE_1.18.0/STM32CubeIDE/plugins/com.st.stm32cube.ide.mcu.externaltools.gnu-tools-for-stm32.13.3.rel1.win32_1.0.0.202411081344/tools/bin/../lib/gcc/arm-none-eabi/13.3.1/../../../../arm-none-eabi/lib/thumb/v7e-m+fp/hard\libc_nano.a(libc_a-nano-vfprintf.o)
                0x08008bc4                _vfprintf_r
                0x08008bc4                _vfiprintf_r
 .text._printf_common
                0x08008df4       0xda C:/ST/STM32CubeIDE_1.18.0/STM32CubeIDE/plugins/com.st.stm32cube.ide.mcu.externaltools.gnu-tools-for-stm32.13.3.rel1.win32_1.0.0.202411081344/tools/bin/../lib/gcc/arm-none-eabi/13.3.1/../../../../arm-none-eabi/lib/thumb/v7e-m+fp/hard\libc_nano.a(libc_a-nano-vfprintf_i.o)
                0x08008df4                _printf_common
 *fill*         0x08008ece        0x2 
 .text._printf_i
                0x08008ed0      0x23c C:/ST/STM32CubeIDE_1.18.0/STM32CubeIDE/plugins/com.st.stm32cube.ide.mcu.externaltools.gnu-tools-for-stm32.13.3.rel1.win32_1.0.0.202411081344/tools/bin/../lib/gcc/arm-none-eabi/13.3.1/../../../../arm-none-eabi/lib/thumb/v7e-m+fp/hard\libc_nano.a(libc_a-nano-vfprintf_i.o)
                0x08008ed0                _printf_i
 .text.__swbuf_r
                0x0800910c       0x7c C:/ST/STM32CubeIDE_1.18.0/STM32CubeIDE/plugins/com.st.stm32cube.ide.mcu.externaltools.gnu-tools-for-stm32.13.3.rel1.win32_1.0.0.202411081344/tools/bin/../lib/gcc/arm-none-eabi/13.3.1/../../../../arm-none-eabi/lib/thumb/v7e-m+fp/hard\libc_nano.a(libc_a-wbuf.o)
                0x0800910c                __swbuf_r
 .text.__swsetup_r
                0x08009188       0xac C:/ST/STM32CubeIDE_1.18.0/STM32CubeIDE/plugins/com.st.stm32cube.ide.mcu.externaltools.gnu-tools-for-stm32.13.3.rel1.win32_1.0.0.202411081344/tools/bin/../lib/gcc/arm-none-eabi/13.3.1/../../../../arm-none-eabi/lib/thumb/v7e-m+fp/hard\libc_nano.a(libc_a-wsetup.o)
                0x08009188                __swsetup_r
 .text._raise_r
                0x08009234       0x50 C:/ST/STM32CubeIDE_1.18.0/STM32CubeIDE/plugins/com.st.stm32cube.ide.mcu.externaltools.gnu-tools-for-stm32.13.3.rel1.win32_1.0.0.202411081344/tools/bin/../lib/gcc/arm-none-eabi/13.3.1/../../../../arm-none-eabi/lib/thumb/v7e-m+fp/hard\libc_nano.a(libc_a-signal.o)
                0x08009234                _raise_r
 .text.raise    0x08009284       0x10 C:/ST/STM32CubeIDE_1.18.0/STM32CubeIDE/plugins/com.st.stm32cube.ide.mcu.externaltools.gnu-tools-for-stm32.13.3.rel1.win32_1.0.0.202411081344/tools/bin/../lib/gcc/arm-none-eabi/13.3.1/../../../../arm-none-eabi/lib/thumb/v7e-m+fp/hard\libc_nano.a(libc_a-signal.o)
                0x08009284                raise
 .text._kill_r  0x08009294       0x24 C:/ST/STM32CubeIDE_1.18.0/STM32CubeIDE/plugins/com.st.stm32cube.ide.mcu.externaltools.gnu-tools-for-stm32.13.3.rel1.win32_1.0.0.202411081344/tools/bin/../lib/gcc/arm-none-eabi/13.3.1/../../../../arm-none-eabi/lib/thumb/v7e-m+fp/hard\libc_nano.a(libc_a-signalr.o)
                0x08009294                _kill_r
 .text._getpid_r
                0x080092b8        0x4 C:/ST/STM32CubeIDE_1.18.0/STM32CubeIDE/plugins/com.st.stm32cube.ide.mcu.externaltools.gnu-tools-for-stm32.13.3.rel1.win32_1.0.0.202411081344/tools/bin/../lib/gcc/arm-none-eabi/13.3.1/../../../../arm-none-eabi/lib/thumb/v7e-m+fp/hard\libc_nano.a(libc_a-signalr.o)
                0x080092b8                _getpid_r
 .text.__swhatbuf_r
                0x080092bc       0x4c C:/ST/STM32CubeIDE_1.18.0/STM32CubeIDE/plugins/com.st.stm32cube.ide.mcu.externaltools.gnu-tools-for-stm32.13.3.rel1.win32_1.0.0.202411081344/tools/bin/../lib/gcc/arm-none-eabi/13.3.1/../../../../arm-none-eabi/lib/thumb/v7e-m+fp/hard\libc_nano.a(libc_a-makebuf.o)
                0x080092bc                __swhatbuf_r
 .text.__smakebuf_r
                0x08009308       0x78 C:/ST/STM32CubeIDE_1.18.0/STM32CubeIDE/plugins/com.st.stm32cube.ide.mcu.externaltools.gnu-tools-for-stm32.13.3.rel1.win32_1.0.0.202411081344/tools/bin/../lib/gcc/arm-none-eabi/13.3.1/../../../../arm-none-eabi/lib/thumb/v7e-m+fp/hard\libc_nano.a(libc_a-makebuf.o)
                0x08009308                __smakebuf_r
 .text._fstat_r
                0x08009380       0x24 C:/ST/STM32CubeIDE_1.18.0/STM32CubeIDE/plugins/com.st.stm32cube.ide.mcu.externaltools.gnu-tools-for-stm32.13.3.rel1.win32_1.0.0.202411081344/tools/bin/../lib/gcc/arm-none-eabi/13.3.1/../../../../arm-none-eabi/lib/thumb/v7e-m+fp/hard\libc_nano.a(libc_a-fstatr.o)
                0x08009380                _fstat_r
 .text._isatty_r
                0x080093a4       0x20 C:/ST/STM32CubeIDE_1.18.0/STM32CubeIDE/plugins/com.st.stm32cube.ide.mcu.externaltools.gnu-tools-for-stm32.13.3.rel1.win32_1.0.0.202411081344/tools/bin/../lib/gcc/arm-none-eabi/13.3.1/../../../../arm-none-eabi/lib/thumb/v7e-m+fp/hard\libc_nano.a(libc_a-isattyr.o)
                0x080093a4                _isatty_r
 *(.glue_7)
 .glue_7        0x080093c4        0x0 linker stubs
 *(.glue_7t)
 .glue_7t       0x080093c4        0x0 linker stubs
 *(.eh_frame)
 .eh_frame      0x080093c4        0x0 C:/ST/STM32CubeIDE_1.18.0/STM32CubeIDE/plugins/com.st.stm32cube.ide.mcu.externaltools.gnu-tools-for-stm32.13.3.rel1.win32_1.0.0.202411081344/tools/bin/../lib/gcc/arm-none-eabi/13.3.1/thumb/v7e-m+fp/hard/crtbegin.o
 *(.init)
 .init          0x080093c4        0x4 C:/ST/STM32CubeIDE_1.18.0/STM32CubeIDE/plugins/com.st.stm32cube.ide.mcu.externaltools.gnu-tools-for-stm32.13.3.rel1.win32_1.0.0.202411081344/tools/bin/../lib/gcc/arm-none-eabi/13.3.1/thumb/v7e-m+fp/hard/crti.o
                0x080093c4                _init
 .init          0x080093c8        0x8 C:/ST/STM32CubeIDE_1.18.0/STM32CubeIDE/plugins/com.st.stm32cube.ide.mcu.externaltools.gnu-tools-for-stm32.13.3.rel1.win32_1.0.0.202411081344/tools/bin/../lib/gcc/arm-none-eabi/13.3.1/thumb/v7e-m+fp/hard/crtn.o
 *(.fini)
 .fini          0x080093d0        0x4 C:/ST/STM32CubeIDE_1.18.0/STM32CubeIDE/plugins/com.st.stm32cube.ide.mcu.externaltools.gnu-tools-for-stm32.13.3.rel1.win32_1.0.0.202411081344/tools/bin/../lib/gcc/arm-none-eabi/13.3.1/thumb/v7e-m+fp/hard/crti.o
                0x080093d0                _fini
 .fini          0x080093d4        0x8 C:/ST/STM32CubeIDE_1.18.0/STM32CubeIDE/plugins/com.st.stm32cube.ide.mcu.externaltools.gnu-tools-for-stm32.13.3.rel1.win32_1.0.0.202411081344/tools/bin/../lib/gcc/arm-none-eabi/13.3.1/thumb/v7e-m+fp/hard/crtn.o
                0x080093dc                        . = ALIGN (0x4)
                0x080093dc                        _etext = .

.vfp11_veneer   0x080093dc        0x0
 .vfp11_veneer  0x080093dc        0x0 linker stubs

.v4_bx          0x080093dc        0x0
 .v4_bx         0x080093dc        0x0 linker stubs

.iplt           0x080093dc        0x0
 .iplt          0x080093dc        0x0 C:/ST/STM32CubeIDE_1.18.0/STM32CubeIDE/plugins/com.st.stm32cube.ide.mcu.externaltools.gnu-tools-for-stm32.13.3.rel1.win32_1.0.0.202411081344/tools/bin/../lib/gcc/arm-none-eabi/13.3.1/thumb/v7e-m+fp/hard/crtbegin.o

.rodata         0x080093dc      0x14c
                0x080093dc                        . = ALIGN (0x4)
 *(.rodata)
 .rodata        0x080093dc        0x5 ./BlueNRG_MS/App/app_bluenrg_ms.o
 *fill*         0x080093e1        0x3 
 .rodata        0x080093e4        0x8 ./BlueNRG_MS/App/sensor.o
 *(.rodata*)
 .rodata.AHBPrescTable
                0x080093ec       0x10 ./Core/Src/system_stm32l4xx.o
                0x080093ec                AHBPrescTable
 .rodata.APBPrescTable
                0x080093fc        0x8 ./Core/Src/system_stm32l4xx.o
                0x080093fc                APBPrescTable
 .rodata.MSIRangeTable
                0x08009404       0x30 ./Core/Src/system_stm32l4xx.o
                0x08009404                MSIRangeTable
 .rodata.LedGpioInit.4
                0x08009434        0x4 ./Drivers/BSP/STM32L4xx_Nucleo/stm32l4xx_nucleo.o
 .rodata.ButtonGpioInit.3
                0x08009438        0x4 ./Drivers/BSP/STM32L4xx_Nucleo/stm32l4xx_nucleo.o
 .rodata.BUTTON_EXTI_LINE.2
                0x0800943c        0x4 ./Drivers/BSP/STM32L4xx_Nucleo/stm32l4xx_nucleo.o
 .rodata.ButtonCallback.1
                0x08009440        0x4 ./Drivers/BSP/STM32L4xx_Nucleo/stm32l4xx_nucleo.o
 .rodata.BSP_BUTTON_PRIO.0
                0x08009444        0x4 ./Drivers/BSP/STM32L4xx_Nucleo/stm32l4xx_nucleo.o
 .rodata.srand.str1.1
                0x08009448       0xde C:/ST/STM32CubeIDE_1.18.0/STM32CubeIDE/plugins/com.st.stm32cube.ide.mcu.externaltools.gnu-tools-for-stm32.13.3.rel1.win32_1.0.0.202411081344/tools/bin/../lib/gcc/arm-none-eabi/13.3.1/../../../../arm-none-eabi/lib/thumb/v7e-m+fp/hard\libc_nano.a(libc_a-rand.o)
                                 0x6f (size before relaxing)
 .rodata.__assert_func.str1.1
                0x08009526       0x3d C:/ST/STM32CubeIDE_1.18.0/STM32CubeIDE/plugins/com.st.stm32cube.ide.mcu.externaltools.gnu-tools-for-stm32.13.3.rel1.win32_1.0.0.202411081344/tools/bin/../lib/gcc/arm-none-eabi/13.3.1/../../../../arm-none-eabi/lib/thumb/v7e-m+fp/hard\libc_nano.a(libc_a-assert.o)
 .rodata._vfprintf_r.str1.1
                0x08009526       0x11 C:/ST/STM32CubeIDE_1.18.0/STM32CubeIDE/plugins/com.st.stm32cube.ide.mcu.externaltools.gnu-tools-for-stm32.13.3.rel1.win32_1.0.0.202411081344/tools/bin/../lib/gcc/arm-none-eabi/13.3.1/../../../../arm-none-eabi/lib/thumb/v7e-m+fp/hard\libc_nano.a(libc_a-nano-vfprintf.o)
 .rodata._printf_i.str1.1
                0x08009526       0x22 C:/ST/STM32CubeIDE_1.18.0/STM32CubeIDE/plugins/com.st.stm32cube.ide.mcu.externaltools.gnu-tools-for-stm32.13.3.rel1.win32_1.0.0.202411081344/tools/bin/../lib/gcc/arm-none-eabi/13.3.1/../../../../arm-none-eabi/lib/thumb/v7e-m+fp/hard\libc_nano.a(libc_a-nano-vfprintf_i.o)
                0x08009564                        . = ALIGN (0x4)
 *fill*         0x08009526        0x2 

.ARM.extab      0x08009528        0x0
                0x08009528                        . = ALIGN (0x4)
 *(.ARM.extab* .gnu.linkonce.armextab.*)
                0x08009528                        . = ALIGN (0x4)

.ARM            0x08009528        0x8
                0x08009528                        . = ALIGN (0x4)
                0x08009528                        __exidx_start = .
 *(.ARM.exidx*)
 .ARM.exidx     0x08009528        0x8 C:/ST/STM32CubeIDE_1.18.0/STM32CubeIDE/plugins/com.st.stm32cube.ide.mcu.externaltools.gnu-tools-for-stm32.13.3.rel1.win32_1.0.0.202411081344/tools/bin/../lib/gcc/arm-none-eabi/13.3.1/../../../../arm-none-eabi/lib/thumb/v7e-m+fp/hard\libc_nano.a(libc_a-strlen.o)
 .ARM.exidx     0x08009530        0x0 C:/ST/STM32CubeIDE_1.18.0/STM32CubeIDE/plugins/com.st.stm32cube.ide.mcu.externaltools.gnu-tools-for-stm32.13.3.rel1.win32_1.0.0.202411081344/tools/bin/../lib/gcc/arm-none-eabi/13.3.1/../../../../arm-none-eabi/lib/thumb/v7e-m+fp/hard\libc_nano.a(libc_a-memchr.o)
                                  0x8 (size before relaxing)
 .ARM.exidx     0x08009530        0x0 C:/ST/STM32CubeIDE_1.18.0/STM32CubeIDE/plugins/com.st.stm32cube.ide.mcu.externaltools.gnu-tools-for-stm32.13.3.rel1.win32_1.0.0.202411081344/tools/bin/../lib/gcc/arm-none-eabi/13.3.1/thumb/v7e-m+fp/hard\libgcc.a(_udivmoddi4.o)
                                  0x8 (size before relaxing)
                0x08009530                        __exidx_end = .
                0x08009530                        . = ALIGN (0x4)

.preinit_array  0x08009530        0x0
                0x08009530                        . = ALIGN (0x4)
                0x08009530                        PROVIDE (__preinit_array_start = .)
 *(.preinit_array*)
                0x08009530                        PROVIDE (__preinit_array_end = .)
                0x08009530                        . = ALIGN (0x4)

.init_array     0x08009530        0x4
                0x08009530                        . = ALIGN (0x4)
                0x08009530                        PROVIDE (__init_array_start = .)
 *(SORT_BY_NAME(.init_array.*))
 *(.init_array*)
 .init_array    0x08009530        0x4 C:/ST/STM32CubeIDE_1.18.0/STM32CubeIDE/plugins/com.st.stm32cube.ide.mcu.externaltools.gnu-tools-for-stm32.13.3.rel1.win32_1.0.0.202411081344/tools/bin/../lib/gcc/arm-none-eabi/13.3.1/thumb/v7e-m+fp/hard/crtbegin.o
                0x08009534                        PROVIDE (__init_array_end = .)
                0x08009534                        . = ALIGN (0x4)

.fini_array     0x08009534        0x4
                0x08009534                        . = ALIGN (0x4)
                [!provide]                        PROVIDE (__fini_array_start = .)
 *(SORT_BY_NAME(.fini_array.*))
 *(.fini_array*)
 .fini_array    0x08009534        0x4 C:/ST/STM32CubeIDE_1.18.0/STM32CubeIDE/plugins/com.st.stm32cube.ide.mcu.externaltools.gnu-tools-for-stm32.13.3.rel1.win32_1.0.0.202411081344/tools/bin/../lib/gcc/arm-none-eabi/13.3.1/thumb/v7e-m+fp/hard/crtbegin.o
                [!provide]                        PROVIDE (__fini_array_end = .)
                0x08009538                        . = ALIGN (0x4)
                0x08009538                        _sidata = LOADADDR (.data)

.rel.dyn        0x08009538        0x0
 .rel.iplt      0x08009538        0x0 C:/ST/STM32CubeIDE_1.18.0/STM32CubeIDE/plugins/com.st.stm32cube.ide.mcu.externaltools.gnu-tools-for-stm32.13.3.rel1.win32_1.0.0.202411081344/tools/bin/../lib/gcc/arm-none-eabi/13.3.1/thumb/v7e-m+fp/hard/crtbegin.o

.data           0x20000000       0x80 load address 0x08009538
                0x20000000                        . = ALIGN (0x4)
                0x20000000                        _sdata = .
 *(.data)
 *(.data*)
 .data.user_button_init_state
                0x20000000        0x1 ./BlueNRG_MS/App/app_bluenrg_ms.o
 .data.set_connectable
                0x20000001        0x1 ./BlueNRG_MS/App/sensor.o
                0x20000001                set_connectable
 *fill*         0x20000002        0x2 
 .data.SystemCoreClock
                0x20000004        0x4 ./Core/Src/system_stm32l4xx.o
                0x20000004                SystemCoreClock
 .data.LED_PORT
                0x20000008        0x4 ./Drivers/BSP/STM32L4xx_Nucleo/stm32l4xx_nucleo.o
 .data.BUTTON_PORT
                0x2000000c        0x4 ./Drivers/BSP/STM32L4xx_Nucleo/stm32l4xx_nucleo.o
 .data.hpb_exti
                0x20000010        0x8 ./Drivers/BSP/STM32L4xx_Nucleo/stm32l4xx_nucleo.o
                0x20000010                hpb_exti
 .data.COM_USART
                0x20000018        0x4 ./Drivers/BSP/STM32L4xx_Nucleo/stm32l4xx_nucleo.o
                0x20000018                COM_USART
 .data.uwTickPrio
                0x2000001c        0x4 ./Drivers/STM32L4xx_HAL_Driver/Src/stm32l4xx_hal.o
                0x2000001c                uwTickPrio
 .data.uwTickFreq
                0x20000020        0x1 ./Drivers/STM32L4xx_HAL_Driver/Src/stm32l4xx_hal.o
                0x20000020                uwTickFreq
 *fill*         0x20000021        0x3 
 .data.__sglue  0x20000024        0xc C:/ST/STM32CubeIDE_1.18.0/STM32CubeIDE/plugins/com.st.stm32cube.ide.mcu.externaltools.gnu-tools-for-stm32.13.3.rel1.win32_1.0.0.202411081344/tools/bin/../lib/gcc/arm-none-eabi/13.3.1/../../../../arm-none-eabi/lib/thumb/v7e-m+fp/hard\libc_nano.a(libc_a-findfp.o)
                0x20000024                __sglue
 .data._impure_ptr
                0x20000030        0x4 C:/ST/STM32CubeIDE_1.18.0/STM32CubeIDE/plugins/com.st.stm32cube.ide.mcu.externaltools.gnu-tools-for-stm32.13.3.rel1.win32_1.0.0.202411081344/tools/bin/../lib/gcc/arm-none-eabi/13.3.1/../../../../arm-none-eabi/lib/thumb/v7e-m+fp/hard\libc_nano.a(libc_a-impure.o)
                0x20000030                _impure_ptr
 .data._impure_data
                0x20000034       0x4c C:/ST/STM32CubeIDE_1.18.0/STM32CubeIDE/plugins/com.st.stm32cube.ide.mcu.externaltools.gnu-tools-for-stm32.13.3.rel1.win32_1.0.0.202411081344/tools/bin/../lib/gcc/arm-none-eabi/13.3.1/../../../../arm-none-eabi/lib/thumb/v7e-m+fp/hard\libc_nano.a(libc_a-impure.o)
                0x20000034                _impure_data
 *(.RamFunc)
 *(.RamFunc*)
                0x20000080                        . = ALIGN (0x4)
                0x20000080                        _edata = .

.igot.plt       0x20000080        0x0 load address 0x080095b8
 .igot.plt      0x20000080        0x0 C:/ST/STM32CubeIDE_1.18.0/STM32CubeIDE/plugins/com.st.stm32cube.ide.mcu.externaltools.gnu-tools-for-stm32.13.3.rel1.win32_1.0.0.202411081344/tools/bin/../lib/gcc/arm-none-eabi/13.3.1/thumb/v7e-m+fp/hard/crtbegin.o
                0x20000080                        . = ALIGN (0x4)

.bss            0x20000080      0x718 load address 0x080095b8
                0x20000080                        _sbss = .
                0x20000080                        __bss_start__ = _sbss
 *(.bss)
 .bss           0x20000080       0x1c C:/ST/STM32CubeIDE_1.18.0/STM32CubeIDE/plugins/com.st.stm32cube.ide.mcu.externaltools.gnu-tools-for-stm32.13.3.rel1.win32_1.0.0.202411081344/tools/bin/../lib/gcc/arm-none-eabi/13.3.1/thumb/v7e-m+fp/hard/crtbegin.o
 *(.bss*)
 .bss.bnrg_expansion_board
                0x2000009c        0x1 ./BlueNRG_MS/App/app_bluenrg_ms.o
                0x2000009c                bnrg_expansion_board
 *fill*         0x2000009d        0x3 
 .bss.bdaddr    0x200000a0        0x6 ./BlueNRG_MS/App/app_bluenrg_ms.o
                0x200000a0                bdaddr
 .bss.user_button_pressed
                0x200000a6        0x1 ./BlueNRG_MS/App/app_bluenrg_ms.o
 *fill*         0x200000a7        0x1 
 .bss.counter.0
                0x200000a8        0x4 ./BlueNRG_MS/App/app_bluenrg_ms.o
 .bss.HWServW2STHandle
                0x200000ac        0x2 ./BlueNRG_MS/App/gatt_db.o
                0x200000ac                HWServW2STHandle
 .bss.EnvironmentalCharHandle
                0x200000ae        0x2 ./BlueNRG_MS/App/gatt_db.o
                0x200000ae                EnvironmentalCharHandle
 .bss.AccGyroMagCharHandle
                0x200000b0        0x2 ./BlueNRG_MS/App/gatt_db.o
                0x200000b0                AccGyroMagCharHandle
 .bss.SWServW2STHandle
                0x200000b2        0x2 ./BlueNRG_MS/App/gatt_db.o
                0x200000b2                SWServW2STHandle
 .bss.QuaternionsCharHandle
                0x200000b4        0x2 ./BlueNRG_MS/App/gatt_db.o
                0x200000b4                QuaternionsCharHandle
 *fill*         0x200000b6        0x2 
 .bss.service_uuid
                0x200000b8       0x10 ./BlueNRG_MS/App/gatt_db.o
                0x200000b8                service_uuid
 .bss.char_uuid
                0x200000c8       0x10 ./BlueNRG_MS/App/gatt_db.o
                0x200000c8                char_uuid
 .bss.connection_handle
                0x200000d8        0x2 ./BlueNRG_MS/App/sensor.o
                0x200000d8                connection_handle
 .bss.notification_enabled
                0x200000da        0x1 ./BlueNRG_MS/App/sensor.o
                0x200000da                notification_enabled
 *fill*         0x200000db        0x1 
 .bss.connected
                0x200000dc        0x4 ./BlueNRG_MS/App/sensor.o
                0x200000dc                connected
 .bss.x_axes    0x200000e0        0xc ./BlueNRG_MS/App/sensor.o
                0x200000e0                x_axes
 .bss.g_axes    0x200000ec        0xc ./BlueNRG_MS/App/sensor.o
                0x200000ec                g_axes
 .bss.m_axes    0x200000f8        0xc ./BlueNRG_MS/App/sensor.o
                0x200000f8                m_axes
 .bss.q_axes    0x20000104        0xc ./BlueNRG_MS/App/sensor.o
                0x20000104                q_axes
 .bss.hexti0    0x20000110        0x8 ./BlueNRG_MS/Target/hci_tl_interface.o
                0x20000110                hexti0
 .bss.read_char_buf.0
                0x20000118       0xff ./BlueNRG_MS/Target/hci_tl_interface.o
 *fill*         0x20000217        0x1 
 .bss.htim2     0x20000218       0x4c ./Core/Src/main.o
                0x20000218                htim2
 .bss.hspi1     0x20000264       0x64 ./Core/Src/stm32l4xx_nucleo_bus.o
                0x20000264                hspi1
 .bss.SPI1InitCounter
                0x200002c8        0x4 ./Core/Src/stm32l4xx_nucleo_bus.o
 .bss.__sbrk_heap_end
                0x200002cc        0x4 ./Core/Src/sysmem.o
 .bss.hcom_uart
                0x200002d0       0x88 ./Drivers/BSP/STM32L4xx_Nucleo/stm32l4xx_nucleo.o
                0x200002d0                hcom_uart
 .bss.COM_ActiveLogPort
                0x20000358        0x1 ./Drivers/BSP/STM32L4xx_Nucleo/stm32l4xx_nucleo.o
 *fill*         0x20000359        0x3 
 .bss.uwTick    0x2000035c        0x4 ./Drivers/STM32L4xx_HAL_Driver/Src/stm32l4xx_hal.o
                0x2000035c                uwTick
 .bss.hciReadPktPool
                0x20000360        0x8 ./Middlewares/ST/BlueNRG-MS/hci/hci_tl_patterns/Basic/hci_tl.o
                0x20000360                hciReadPktPool
 .bss.hciReadPktRxQueue
                0x20000368        0x8 ./Middlewares/ST/BlueNRG-MS/hci/hci_tl_patterns/Basic/hci_tl.o
                0x20000368                hciReadPktRxQueue
 .bss.hciReadPacketBuffer
                0x20000370      0x2bc ./Middlewares/ST/BlueNRG-MS/hci/hci_tl_patterns/Basic/hci_tl.o
 .bss.hciContext
                0x2000062c       0x20 ./Middlewares/ST/BlueNRG-MS/hci/hci_tl_patterns/Basic/hci_tl.o
 .bss.__sf      0x2000064c      0x138 C:/ST/STM32CubeIDE_1.18.0/STM32CubeIDE/plugins/com.st.stm32cube.ide.mcu.externaltools.gnu-tools-for-stm32.13.3.rel1.win32_1.0.0.202411081344/tools/bin/../lib/gcc/arm-none-eabi/13.3.1/../../../../arm-none-eabi/lib/thumb/v7e-m+fp/hard\libc_nano.a(libc_a-findfp.o)
                0x2000064c                __sf
 .bss.__stdio_exit_handler
                0x20000784        0x4 C:/ST/STM32CubeIDE_1.18.0/STM32CubeIDE/plugins/com.st.stm32cube.ide.mcu.externaltools.gnu-tools-for-stm32.13.3.rel1.win32_1.0.0.202411081344/tools/bin/../lib/gcc/arm-none-eabi/13.3.1/../../../../arm-none-eabi/lib/thumb/v7e-m+fp/hard\libc_nano.a(libc_a-findfp.o)
                0x20000784                __stdio_exit_handler
 .bss.errno     0x20000788        0x4 C:/ST/STM32CubeIDE_1.18.0/STM32CubeIDE/plugins/com.st.stm32cube.ide.mcu.externaltools.gnu-tools-for-stm32.13.3.rel1.win32_1.0.0.202411081344/tools/bin/../lib/gcc/arm-none-eabi/13.3.1/../../../../arm-none-eabi/lib/thumb/v7e-m+fp/hard\libc_nano.a(libc_a-reent.o)
                0x20000788                errno
 .bss.__lock___malloc_recursive_mutex
                0x2000078c        0x1 C:/ST/STM32CubeIDE_1.18.0/STM32CubeIDE/plugins/com.st.stm32cube.ide.mcu.externaltools.gnu-tools-for-stm32.13.3.rel1.win32_1.0.0.202411081344/tools/bin/../lib/gcc/arm-none-eabi/13.3.1/../../../../arm-none-eabi/lib/thumb/v7e-m+fp/hard\libc_nano.a(libc_a-lock.o)
                0x2000078c                __lock___malloc_recursive_mutex
 .bss.__lock___sfp_recursive_mutex
                0x2000078d        0x1 C:/ST/STM32CubeIDE_1.18.0/STM32CubeIDE/plugins/com.st.stm32cube.ide.mcu.externaltools.gnu-tools-for-stm32.13.3.rel1.win32_1.0.0.202411081344/tools/bin/../lib/gcc/arm-none-eabi/13.3.1/../../../../arm-none-eabi/lib/thumb/v7e-m+fp/hard\libc_nano.a(libc_a-lock.o)
                0x2000078d                __lock___sfp_recursive_mutex
 *fill*         0x2000078e        0x2 
 .bss.__malloc_sbrk_start
                0x20000790        0x4 C:/ST/STM32CubeIDE_1.18.0/STM32CubeIDE/plugins/com.st.stm32cube.ide.mcu.externaltools.gnu-tools-for-stm32.13.3.rel1.win32_1.0.0.202411081344/tools/bin/../lib/gcc/arm-none-eabi/13.3.1/../../../../arm-none-eabi/lib/thumb/v7e-m+fp/hard\libc_nano.a(libc_a-mallocr.o)
                0x20000790                __malloc_sbrk_start
 .bss.__malloc_free_list
                0x20000794        0x4 C:/ST/STM32CubeIDE_1.18.0/STM32CubeIDE/plugins/com.st.stm32cube.ide.mcu.externaltools.gnu-tools-for-stm32.13.3.rel1.win32_1.0.0.202411081344/tools/bin/../lib/gcc/arm-none-eabi/13.3.1/../../../../arm-none-eabi/lib/thumb/v7e-m+fp/hard\libc_nano.a(libc_a-mallocr.o)
                0x20000794                __malloc_free_list
 *(COMMON)
                0x20000798                        . = ALIGN (0x4)
                0x20000798                        _ebss = .
                0x20000798                        __bss_end__ = _ebss

._user_heap_stack
                0x20000798      0x600 load address 0x080095b8
                0x20000798                        . = ALIGN (0x8)
                [!provide]                        PROVIDE (end = .)
                0x20000798                        PROVIDE (_end = .)
                0x20000998                        . = (. + _Min_Heap_Size)
 *fill*         0x20000798      0x200 
                0x20000d98                        . = (. + _Min_Stack_Size)
 *fill*         0x20000998      0x400 
                0x20000d98                        . = ALIGN (0x8)

/DISCARD/
 libc.a(*)
 libm.a(*)
 libgcc.a(*)

.ARM.attributes
                0x00000000       0x30
 *(.ARM.attributes)
 .ARM.attributes
                0x00000000       0x22 C:/ST/STM32CubeIDE_1.18.0/STM32CubeIDE/plugins/com.st.stm32cube.ide.mcu.externaltools.gnu-tools-for-stm32.13.3.rel1.win32_1.0.0.202411081344/tools/bin/../lib/gcc/arm-none-eabi/13.3.1/thumb/v7e-m+fp/hard/crti.o
 .ARM.attributes
                0x00000022       0x34 C:/ST/STM32CubeIDE_1.18.0/STM32CubeIDE/plugins/com.st.stm32cube.ide.mcu.externaltools.gnu-tools-for-stm32.13.3.rel1.win32_1.0.0.202411081344/tools/bin/../lib/gcc/arm-none-eabi/13.3.1/thumb/v7e-m+fp/hard/crtbegin.o
 .ARM.attributes
                0x00000056       0x34 ./BlueNRG_MS/App/app_bluenrg_ms.o
 .ARM.attributes
                0x0000008a       0x34 ./BlueNRG_MS/App/gatt_db.o
 .ARM.attributes
                0x000000be       0x34 ./BlueNRG_MS/App/sensor.o
 .ARM.attributes
                0x000000f2       0x34 ./BlueNRG_MS/Target/hci_tl_interface.o
 .ARM.attributes
                0x00000126       0x34 ./Core/Src/main.o
 .ARM.attributes
                0x0000015a       0x34 ./Core/Src/stm32l4xx_hal_msp.o
 .ARM.attributes
                0x0000018e       0x34 ./Core/Src/stm32l4xx_it.o
 .ARM.attributes
                0x000001c2       0x34 ./Core/Src/stm32l4xx_nucleo_bus.o
 .ARM.attributes
                0x000001f6       0x34 ./Core/Src/syscalls.o
 .ARM.attributes
                0x0000022a       0x34 ./Core/Src/sysmem.o
 .ARM.attributes
                0x0000025e       0x34 ./Core/Src/system_stm32l4xx.o
 .ARM.attributes
                0x00000292       0x21 ./Core/Startup/startup_stm32l476rgtx.o
 .ARM.attributes
                0x000002b3       0x34 ./Drivers/BSP/STM32L4xx_Nucleo/stm32l4xx_nucleo.o
 .ARM.attributes
                0x000002e7       0x34 ./Drivers/STM32L4xx_HAL_Driver/Src/stm32l4xx_hal.o
 .ARM.attributes
                0x0000031b       0x34 ./Drivers/STM32L4xx_HAL_Driver/Src/stm32l4xx_hal_cortex.o
 .ARM.attributes
                0x0000034f       0x34 ./Drivers/STM32L4xx_HAL_Driver/Src/stm32l4xx_hal_exti.o
 .ARM.attributes
                0x00000383       0x34 ./Drivers/STM32L4xx_HAL_Driver/Src/stm32l4xx_hal_gpio.o
 .ARM.attributes
                0x000003b7       0x34 ./Drivers/STM32L4xx_HAL_Driver/Src/stm32l4xx_hal_pwr_ex.o
 .ARM.attributes
                0x000003eb       0x34 ./Drivers/STM32L4xx_HAL_Driver/Src/stm32l4xx_hal_rcc.o
 .ARM.attributes
                0x0000041f       0x34 ./Drivers/STM32L4xx_HAL_Driver/Src/stm32l4xx_hal_rcc_ex.o
 .ARM.attributes
                0x00000453       0x34 ./Drivers/STM32L4xx_HAL_Driver/Src/stm32l4xx_hal_spi.o
 .ARM.attributes
                0x00000487       0x34 ./Drivers/STM32L4xx_HAL_Driver/Src/stm32l4xx_hal_tim.o
 .ARM.attributes
                0x000004bb       0x34 ./Drivers/STM32L4xx_HAL_Driver/Src/stm32l4xx_hal_tim_ex.o
 .ARM.attributes
                0x000004ef       0x34 ./Drivers/STM32L4xx_HAL_Driver/Src/stm32l4xx_hal_uart.o
 .ARM.attributes
                0x00000523       0x34 ./Middlewares/ST/BlueNRG-MS/hci/controller/bluenrg_gap_aci.o
 .ARM.attributes
                0x00000557       0x34 ./Middlewares/ST/BlueNRG-MS/hci/controller/bluenrg_gatt_aci.o
 .ARM.attributes
                0x0000058b       0x34 ./Middlewares/ST/BlueNRG-MS/hci/controller/bluenrg_hal_aci.o
 .ARM.attributes
                0x000005bf       0x34 ./Middlewares/ST/BlueNRG-MS/hci/controller/bluenrg_utils_small.o
 .ARM.attributes
                0x000005f3       0x34 ./Middlewares/ST/BlueNRG-MS/hci/hci_le.o
 .ARM.attributes
                0x00000627       0x34 ./Middlewares/ST/BlueNRG-MS/hci/hci_tl_patterns/Basic/hci_tl.o
 .ARM.attributes
                0x0000065b       0x34 ./Middlewares/ST/BlueNRG-MS/utils/ble_list.o
 .ARM.attributes
                0x0000068f       0x34 C:/ST/STM32CubeIDE_1.18.0/STM32CubeIDE/plugins/com.st.stm32cube.ide.mcu.externaltools.gnu-tools-for-stm32.13.3.rel1.win32_1.0.0.202411081344/tools/bin/../lib/gcc/arm-none-eabi/13.3.1/../../../../arm-none-eabi/lib/thumb/v7e-m+fp/hard\libc_nano.a(libc_a-rand.o)
 .ARM.attributes
                0x000006c3       0x34 C:/ST/STM32CubeIDE_1.18.0/STM32CubeIDE/plugins/com.st.stm32cube.ide.mcu.externaltools.gnu-tools-for-stm32.13.3.rel1.win32_1.0.0.202411081344/tools/bin/../lib/gcc/arm-none-eabi/13.3.1/../../../../arm-none-eabi/lib/thumb/v7e-m+fp/hard\libc_nano.a(libc_a-findfp.o)
 .ARM.attributes
                0x000006f7       0x34 C:/ST/STM32CubeIDE_1.18.0/STM32CubeIDE/plugins/com.st.stm32cube.ide.mcu.externaltools.gnu-tools-for-stm32.13.3.rel1.win32_1.0.0.202411081344/tools/bin/../lib/gcc/arm-none-eabi/13.3.1/../../../../arm-none-eabi/lib/thumb/v7e-m+fp/hard\libc_nano.a(libc_a-fwalk.o)
 .ARM.attributes
                0x0000072b       0x34 C:/ST/STM32CubeIDE_1.18.0/STM32CubeIDE/plugins/com.st.stm32cube.ide.mcu.externaltools.gnu-tools-for-stm32.13.3.rel1.win32_1.0.0.202411081344/tools/bin/../lib/gcc/arm-none-eabi/13.3.1/../../../../arm-none-eabi/lib/thumb/v7e-m+fp/hard\libc_nano.a(libc_a-stdio.o)
 .ARM.attributes
                0x0000075f       0x34 C:/ST/STM32CubeIDE_1.18.0/STM32CubeIDE/plugins/com.st.stm32cube.ide.mcu.externaltools.gnu-tools-for-stm32.13.3.rel1.win32_1.0.0.202411081344/tools/bin/../lib/gcc/arm-none-eabi/13.3.1/../../../../arm-none-eabi/lib/thumb/v7e-m+fp/hard\libc_nano.a(libc_a-memset.o)
 .ARM.attributes
                0x00000793       0x34 C:/ST/STM32CubeIDE_1.18.0/STM32CubeIDE/plugins/com.st.stm32cube.ide.mcu.externaltools.gnu-tools-for-stm32.13.3.rel1.win32_1.0.0.202411081344/tools/bin/../lib/gcc/arm-none-eabi/13.3.1/../../../../arm-none-eabi/lib/thumb/v7e-m+fp/hard\libc_nano.a(libc_a-closer.o)
 .ARM.attributes
                0x000007c7       0x34 C:/ST/STM32CubeIDE_1.18.0/STM32CubeIDE/plugins/com.st.stm32cube.ide.mcu.externaltools.gnu-tools-for-stm32.13.3.rel1.win32_1.0.0.202411081344/tools/bin/../lib/gcc/arm-none-eabi/13.3.1/../../../../arm-none-eabi/lib/thumb/v7e-m+fp/hard\libc_nano.a(libc_a-reent.o)
 .ARM.attributes
                0x000007fb       0x34 C:/ST/STM32CubeIDE_1.18.0/STM32CubeIDE/plugins/com.st.stm32cube.ide.mcu.externaltools.gnu-tools-for-stm32.13.3.rel1.win32_1.0.0.202411081344/tools/bin/../lib/gcc/arm-none-eabi/13.3.1/../../../../arm-none-eabi/lib/thumb/v7e-m+fp/hard\libc_nano.a(libc_a-impure.o)
 .ARM.attributes
                0x0000082f       0x34 C:/ST/STM32CubeIDE_1.18.0/STM32CubeIDE/plugins/com.st.stm32cube.ide.mcu.externaltools.gnu-tools-for-stm32.13.3.rel1.win32_1.0.0.202411081344/tools/bin/../lib/gcc/arm-none-eabi/13.3.1/../../../../arm-none-eabi/lib/thumb/v7e-m+fp/hard\libc_nano.a(libc_a-lseekr.o)
 .ARM.attributes
                0x00000863       0x34 C:/ST/STM32CubeIDE_1.18.0/STM32CubeIDE/plugins/com.st.stm32cube.ide.mcu.externaltools.gnu-tools-for-stm32.13.3.rel1.win32_1.0.0.202411081344/tools/bin/../lib/gcc/arm-none-eabi/13.3.1/../../../../arm-none-eabi/lib/thumb/v7e-m+fp/hard\libc_nano.a(libc_a-readr.o)
 .ARM.attributes
                0x00000897       0x34 C:/ST/STM32CubeIDE_1.18.0/STM32CubeIDE/plugins/com.st.stm32cube.ide.mcu.externaltools.gnu-tools-for-stm32.13.3.rel1.win32_1.0.0.202411081344/tools/bin/../lib/gcc/arm-none-eabi/13.3.1/../../../../arm-none-eabi/lib/thumb/v7e-m+fp/hard\libc_nano.a(libc_a-writer.o)
 .ARM.attributes
                0x000008cb       0x34 C:/ST/STM32CubeIDE_1.18.0/STM32CubeIDE/plugins/com.st.stm32cube.ide.mcu.externaltools.gnu-tools-for-stm32.13.3.rel1.win32_1.0.0.202411081344/tools/bin/../lib/gcc/arm-none-eabi/13.3.1/../../../../arm-none-eabi/lib/thumb/v7e-m+fp/hard\libc_nano.a(libc_a-errno.o)
 .ARM.attributes
                0x000008ff       0x34 C:/ST/STM32CubeIDE_1.18.0/STM32CubeIDE/plugins/com.st.stm32cube.ide.mcu.externaltools.gnu-tools-for-stm32.13.3.rel1.win32_1.0.0.202411081344/tools/bin/../lib/gcc/arm-none-eabi/13.3.1/../../../../arm-none-eabi/lib/thumb/v7e-m+fp/hard\libc_nano.a(libc_a-init.o)
 .ARM.attributes
                0x00000933       0x34 C:/ST/STM32CubeIDE_1.18.0/STM32CubeIDE/plugins/com.st.stm32cube.ide.mcu.externaltools.gnu-tools-for-stm32.13.3.rel1.win32_1.0.0.202411081344/tools/bin/../lib/gcc/arm-none-eabi/13.3.1/../../../../arm-none-eabi/lib/thumb/v7e-m+fp/hard\libc_nano.a(libc_a-lock.o)
 .ARM.attributes
                0x00000967       0x34 C:/ST/STM32CubeIDE_1.18.0/STM32CubeIDE/plugins/com.st.stm32cube.ide.mcu.externaltools.gnu-tools-for-stm32.13.3.rel1.win32_1.0.0.202411081344/tools/bin/../lib/gcc/arm-none-eabi/13.3.1/../../../../arm-none-eabi/lib/thumb/v7e-m+fp/hard\libc_nano.a(libc_a-memcpy-stub.o)
 .ARM.attributes
                0x0000099b       0x17 C:/ST/STM32CubeIDE_1.18.0/STM32CubeIDE/plugins/com.st.stm32cube.ide.mcu.externaltools.gnu-tools-for-stm32.13.3.rel1.win32_1.0.0.202411081344/tools/bin/../lib/gcc/arm-none-eabi/13.3.1/../../../../arm-none-eabi/lib/thumb/v7e-m+fp/hard\libc_nano.a(libc_a-strlen.o)
 .ARM.attributes
                0x000009b2       0x34 C:/ST/STM32CubeIDE_1.18.0/STM32CubeIDE/plugins/com.st.stm32cube.ide.mcu.externaltools.gnu-tools-for-stm32.13.3.rel1.win32_1.0.0.202411081344/tools/bin/../lib/gcc/arm-none-eabi/13.3.1/../../../../arm-none-eabi/lib/thumb/v7e-m+fp/hard\libc_nano.a(libc_a-assert.o)
 .ARM.attributes
                0x000009e6       0x34 C:/ST/STM32CubeIDE_1.18.0/STM32CubeIDE/plugins/com.st.stm32cube.ide.mcu.externaltools.gnu-tools-for-stm32.13.3.rel1.win32_1.0.0.202411081344/tools/bin/../lib/gcc/arm-none-eabi/13.3.1/../../../../arm-none-eabi/lib/thumb/v7e-m+fp/hard\libc_nano.a(libc_a-freer.o)
 .ARM.attributes
                0x00000a1a       0x34 C:/ST/STM32CubeIDE_1.18.0/STM32CubeIDE/plugins/com.st.stm32cube.ide.mcu.externaltools.gnu-tools-for-stm32.13.3.rel1.win32_1.0.0.202411081344/tools/bin/../lib/gcc/arm-none-eabi/13.3.1/../../../../arm-none-eabi/lib/thumb/v7e-m+fp/hard\libc_nano.a(libc_a-malloc.o)
 .ARM.attributes
                0x00000a4e       0x34 C:/ST/STM32CubeIDE_1.18.0/STM32CubeIDE/plugins/com.st.stm32cube.ide.mcu.externaltools.gnu-tools-for-stm32.13.3.rel1.win32_1.0.0.202411081344/tools/bin/../lib/gcc/arm-none-eabi/13.3.1/../../../../arm-none-eabi/lib/thumb/v7e-m+fp/hard\libc_nano.a(libc_a-mallocr.o)
 .ARM.attributes
                0x00000a82       0x34 C:/ST/STM32CubeIDE_1.18.0/STM32CubeIDE/plugins/com.st.stm32cube.ide.mcu.externaltools.gnu-tools-for-stm32.13.3.rel1.win32_1.0.0.202411081344/tools/bin/../lib/gcc/arm-none-eabi/13.3.1/../../../../arm-none-eabi/lib/thumb/v7e-m+fp/hard\libc_nano.a(libc_a-mlock.o)
 .ARM.attributes
                0x00000ab6       0x34 C:/ST/STM32CubeIDE_1.18.0/STM32CubeIDE/plugins/com.st.stm32cube.ide.mcu.externaltools.gnu-tools-for-stm32.13.3.rel1.win32_1.0.0.202411081344/tools/bin/../lib/gcc/arm-none-eabi/13.3.1/../../../../arm-none-eabi/lib/thumb/v7e-m+fp/hard\libc_nano.a(libc_a-fflush.o)
 .ARM.attributes
                0x00000aea       0x34 C:/ST/STM32CubeIDE_1.18.0/STM32CubeIDE/plugins/com.st.stm32cube.ide.mcu.externaltools.gnu-tools-for-stm32.13.3.rel1.win32_1.0.0.202411081344/tools/bin/../lib/gcc/arm-none-eabi/13.3.1/../../../../arm-none-eabi/lib/thumb/v7e-m+fp/hard\libc_nano.a(libc_a-fprintf.o)
 .ARM.attributes
                0x00000b1e       0x34 C:/ST/STM32CubeIDE_1.18.0/STM32CubeIDE/plugins/com.st.stm32cube.ide.mcu.externaltools.gnu-tools-for-stm32.13.3.rel1.win32_1.0.0.202411081344/tools/bin/../lib/gcc/arm-none-eabi/13.3.1/../../../../arm-none-eabi/lib/thumb/v7e-m+fp/hard\libc_nano.a(libc_a-sbrkr.o)
 .ARM.attributes
                0x00000b52       0x34 C:/ST/STM32CubeIDE_1.18.0/STM32CubeIDE/plugins/com.st.stm32cube.ide.mcu.externaltools.gnu-tools-for-stm32.13.3.rel1.win32_1.0.0.202411081344/tools/bin/../lib/gcc/arm-none-eabi/13.3.1/../../../../arm-none-eabi/lib/thumb/v7e-m+fp/hard\libc_nano.a(libc_a-abort.o)
 .ARM.attributes
                0x00000b86       0x34 C:/ST/STM32CubeIDE_1.18.0/STM32CubeIDE/plugins/com.st.stm32cube.ide.mcu.externaltools.gnu-tools-for-stm32.13.3.rel1.win32_1.0.0.202411081344/tools/bin/../lib/gcc/arm-none-eabi/13.3.1/../../../../arm-none-eabi/lib/thumb/v7e-m+fp/hard\libc_nano.a(libc_a-nano-vfprintf.o)
 .ARM.attributes
                0x00000bba       0x34 C:/ST/STM32CubeIDE_1.18.0/STM32CubeIDE/plugins/com.st.stm32cube.ide.mcu.externaltools.gnu-tools-for-stm32.13.3.rel1.win32_1.0.0.202411081344/tools/bin/../lib/gcc/arm-none-eabi/13.3.1/../../../../arm-none-eabi/lib/thumb/v7e-m+fp/hard\libc_nano.a(libc_a-nano-vfprintf_i.o)
 .ARM.attributes
                0x00000bee       0x34 C:/ST/STM32CubeIDE_1.18.0/STM32CubeIDE/plugins/com.st.stm32cube.ide.mcu.externaltools.gnu-tools-for-stm32.13.3.rel1.win32_1.0.0.202411081344/tools/bin/../lib/gcc/arm-none-eabi/13.3.1/../../../../arm-none-eabi/lib/thumb/v7e-m+fp/hard\libc_nano.a(libc_a-wbuf.o)
 .ARM.attributes
                0x00000c22       0x34 C:/ST/STM32CubeIDE_1.18.0/STM32CubeIDE/plugins/com.st.stm32cube.ide.mcu.externaltools.gnu-tools-for-stm32.13.3.rel1.win32_1.0.0.202411081344/tools/bin/../lib/gcc/arm-none-eabi/13.3.1/../../../../arm-none-eabi/lib/thumb/v7e-m+fp/hard\libc_nano.a(libc_a-wsetup.o)
 .ARM.attributes
                0x00000c56       0x34 C:/ST/STM32CubeIDE_1.18.0/STM32CubeIDE/plugins/com.st.stm32cube.ide.mcu.externaltools.gnu-tools-for-stm32.13.3.rel1.win32_1.0.0.202411081344/tools/bin/../lib/gcc/arm-none-eabi/13.3.1/../../../../arm-none-eabi/lib/thumb/v7e-m+fp/hard\libc_nano.a(libc_a-signal.o)
 .ARM.attributes
                0x00000c8a       0x34 C:/ST/STM32CubeIDE_1.18.0/STM32CubeIDE/plugins/com.st.stm32cube.ide.mcu.externaltools.gnu-tools-for-stm32.13.3.rel1.win32_1.0.0.202411081344/tools/bin/../lib/gcc/arm-none-eabi/13.3.1/../../../../arm-none-eabi/lib/thumb/v7e-m+fp/hard\libc_nano.a(libc_a-signalr.o)
 .ARM.attributes
                0x00000cbe       0x1c C:/ST/STM32CubeIDE_1.18.0/STM32CubeIDE/plugins/com.st.stm32cube.ide.mcu.externaltools.gnu-tools-for-stm32.13.3.rel1.win32_1.0.0.202411081344/tools/bin/../lib/gcc/arm-none-eabi/13.3.1/../../../../arm-none-eabi/lib/thumb/v7e-m+fp/hard\libc_nano.a(libc_a-memchr.o)
 .ARM.attributes
                0x00000cda       0x34 C:/ST/STM32CubeIDE_1.18.0/STM32CubeIDE/plugins/com.st.stm32cube.ide.mcu.externaltools.gnu-tools-for-stm32.13.3.rel1.win32_1.0.0.202411081344/tools/bin/../lib/gcc/arm-none-eabi/13.3.1/../../../../arm-none-eabi/lib/thumb/v7e-m+fp/hard\libc_nano.a(libc_a-makebuf.o)
 .ARM.attributes
                0x00000d0e       0x34 C:/ST/STM32CubeIDE_1.18.0/STM32CubeIDE/plugins/com.st.stm32cube.ide.mcu.externaltools.gnu-tools-for-stm32.13.3.rel1.win32_1.0.0.202411081344/tools/bin/../lib/gcc/arm-none-eabi/13.3.1/../../../../arm-none-eabi/lib/thumb/v7e-m+fp/hard\libc_nano.a(libc_a-fstatr.o)
 .ARM.attributes
                0x00000d42       0x34 C:/ST/STM32CubeIDE_1.18.0/STM32CubeIDE/plugins/com.st.stm32cube.ide.mcu.externaltools.gnu-tools-for-stm32.13.3.rel1.win32_1.0.0.202411081344/tools/bin/../lib/gcc/arm-none-eabi/13.3.1/../../../../arm-none-eabi/lib/thumb/v7e-m+fp/hard\libc_nano.a(libc_a-isattyr.o)
 .ARM.attributes