08:57:50 **** Incremental Build of configuration Release for project SensorDemo_Copy ****
make -j8 all 
arm-none-eabi-gcc -o "SensorDemo_Copy.elf" @"objects.list"   -mcpu=cortex-m4 -T"/home/sardude54/Car-Maintenance-BLE/SensorDemo_Copy/STM32L476RGTX_FLASH.ld" --specs=nosys.specs -Wl,-Map="SensorDemo_Copy.map" -Wl,--gc-sections -static --specs=nano.specs -mfpu=fpv4-sp-d16 -mfloat-abi=hard -mthumb -Wl,--start-group -lc -lm -Wl,--end-group
Finished building target: SensorDemo_Copy.elf
 
arm-none-eabi-size  SensorDemo_Copy.elf 
arm-none-eabi-objdump -h -S SensorDemo_Copy.elf  > "SensorDemo_Copy.list"
arm-none-eabi-objcopy  -O binary SensorDemo_Copy.elf  "SensorDemo_Copy.bin"
   text	   data	    bss	    dec	    hex	filename
  38316	    128	   3352	  41796	   a344	SensorDemo_Copy.elf
Finished building: default.size.stdout
 
Finished building: SensorDemo_Copy.bin
 
Finished building: SensorDemo_Copy.list
 

08:57:51 Build Finished. 0 errors, 0 warnings. (took 226ms)

